<html>
<body>
<pre>
<h1>µVision Build Log</h1>
<h2>Project:</h2>
D:\Git\gitsub\stm32\UART\Project\RVMDK£¨uv4£©\iSO-STM32.uvproj
Project File Date:  08/12/2015

<h2>Output:</h2>
Build target 'TEST_UART'
assembling startup_stm32f10x_cl.s...
compiling core_cm3.c...
compiling system_stm32f10x.c...
compiling misc.c...
compiling stm32f10x_adc.c...
compiling stm32f10x_bkp.c...
compiling stm32f10x_can.c...
compiling stm32f10x_cec.c...
compiling stm32f10x_crc.c...
compiling stm32f10x_dac.c...
compiling stm32f10x_dbgmcu.c...
compiling stm32f10x_dma.c...
compiling stm32f10x_exti.c...
compiling stm32f10x_flash.c...
compiling stm32f10x_fsmc.c...
compiling stm32f10x_gpio.c...
compiling stm32f10x_i2c.c...
compiling stm32f10x_iwdg.c...
compiling stm32f10x_pwr.c...
compiling stm32f10x_rcc.c...
compiling stm32f10x_rtc.c...
compiling stm32f10x_sdio.c...
compiling stm32f10x_spi.c...
compiling stm32f10x_tim.c...
compiling stm32f10x_usart.c...
compiling stm32f10x_wwdg.c...
compiling main.c...
compiling stm32f10x_it.c...
compiling iso.c...
compiling sys.c...
compiling delay.c...
compiling usart.c...
compiling led.c...
compiling key.c...
linking...
Program Size: Code=3440 RO-data=368 RW-data=32 ZI-data=1224  
FromELF: creating hex file...
"..\..\Output\STM32_UART.axf" - 0 Error(s), 0 Warning(s).
Build target 'TEST_UART'
assembling startup_stm32f10x_cl.s...
compiling core_cm3.c...
compiling system_stm32f10x.c...
compiling misc.c...
compiling stm32f10x_adc.c...
compiling stm32f10x_bkp.c...
compiling stm32f10x_can.c...
compiling stm32f10x_cec.c...
compiling stm32f10x_crc.c...
compiling stm32f10x_dac.c...
compiling stm32f10x_dbgmcu.c...
compiling stm32f10x_dma.c...
compiling stm32f10x_exti.c...
compiling stm32f10x_flash.c...
compiling stm32f10x_fsmc.c...
compiling stm32f10x_gpio.c...
compiling stm32f10x_i2c.c...
compiling stm32f10x_iwdg.c...
compiling stm32f10x_pwr.c...
compiling stm32f10x_rcc.c...
compiling stm32f10x_rtc.c...
compiling stm32f10x_sdio.c...
compiling stm32f10x_spi.c...
compiling stm32f10x_tim.c...
compiling stm32f10x_usart.c...
compiling stm32f10x_wwdg.c...
compiling main.c...
..\..\User\main.c(36): warning:  #177-D: variable "keyno" was declared but never referenced
..\..\User\main.c:        u8 keyno;
..\..\User\main.c:           ^
..\..\User\main.c: ..\..\User\main.c: 1 warning, 0 errors
compiling stm32f10x_it.c...
compiling iso.c...
compiling sys.c...
compiling delay.c...
compiling usart.c...
compiling led.c...
compiling key.c...
linking...
Program Size: Code=2812 RO-data=368 RW-data=32 ZI-data=1224  
FromELF: creating hex file...
"..\..\Output\STM32_UART.axf" - 0 Error(s), 1 Warning(s).
Build target 'TEST_UART'
assembling startup_stm32f10x_cl.s...
compiling core_cm3.c...
compiling system_stm32f10x.c...
compiling misc.c...
compiling stm32f10x_adc.c...
compiling stm32f10x_bkp.c...
compiling stm32f10x_can.c...
compiling stm32f10x_cec.c...
compiling stm32f10x_crc.c...
compiling stm32f10x_dac.c...
compiling stm32f10x_dbgmcu.c...
compiling stm32f10x_dma.c...
compiling stm32f10x_exti.c...
compiling stm32f10x_flash.c...
compiling stm32f10x_fsmc.c...
compiling stm32f10x_gpio.c...
compiling stm32f10x_i2c.c...
compiling stm32f10x_iwdg.c...
compiling stm32f10x_pwr.c...
compiling stm32f10x_rcc.c...
compiling stm32f10x_rtc.c...
compiling stm32f10x_sdio.c...
compiling stm32f10x_spi.c...
compiling stm32f10x_tim.c...
compiling stm32f10x_usart.c...
compiling stm32f10x_wwdg.c...
compiling main.c...
compiling stm32f10x_it.c...
compiling iso.c...
compiling sys.c...
compiling delay.c...
compiling usart.c...
compiling led.c...
compiling key.c...
linking...
Program Size: Code=2716 RO-data=368 RW-data=28 ZI-data=1228  
FromELF: creating hex file...
"..\..\Output\STM32_UART.axf" - 0 Error(s), 0 Warning(s).
