<html>
<body>
<pre>
<h1>µVision Build Log</h1>
<h2>Project:</h2>
D:\Git\gitsub\stm32\Led -f103\Project\RVMDK£¨uv4£©\iSO-STM32.uvproj
Project File Date:  08/25/2015

<h2>Output:</h2>
Build target 'TEST_LED'
assembling startup_stm32f10x_hd.s...
compiling core_cm3.c...
compiling system_stm32f10x.c...
compiling misc.c...
compiling stm32f10x_adc.c...
compiling stm32f10x_bkp.c...
compiling stm32f10x_can.c...
compiling stm32f10x_cec.c...
compiling stm32f10x_crc.c...
compiling stm32f10x_dac.c...
compiling stm32f10x_dbgmcu.c...
compiling stm32f10x_dma.c...
compiling stm32f10x_exti.c...
compiling stm32f10x_flash.c...
compiling stm32f10x_fsmc.c...
compiling stm32f10x_gpio.c...
compiling stm32f10x_i2c.c...
compiling stm32f10x_iwdg.c...
compiling stm32f10x_pwr.c...
compiling stm32f10x_rcc.c...
compiling stm32f10x_rtc.c...
compiling stm32f10x_sdio.c...
compiling stm32f10x_spi.c...
compiling stm32f10x_tim.c...
compiling stm32f10x_usart.c...
compiling stm32f10x_wwdg.c...
compiling main.c...
compiling stm32f10x_it.c...
compiling iso.c...
compiling sys.c...
compiling delay.c...
compiling usart.c...
compiling led.c...
compiling key.c...
linking...
Program Size: Code=2796 RO-data=336 RW-data=32 ZI-data=1224  
FromELF: creating hex file...
"..\..\Output\STM32_UART.axf" - 0 Error(s), 0 Warning(s).
Build target 'TEST_LED'
assembling startup_stm32f10x_hd.s...
compiling core_cm3.c...
compiling system_stm32f10x.c...
compiling misc.c...
compiling stm32f10x_adc.c...
compiling stm32f10x_bkp.c...
compiling stm32f10x_can.c...
compiling stm32f10x_cec.c...
compiling stm32f10x_crc.c...
compiling stm32f10x_dac.c...
compiling stm32f10x_dbgmcu.c...
compiling stm32f10x_dma.c...
compiling stm32f10x_exti.c...
compiling stm32f10x_flash.c...
compiling stm32f10x_fsmc.c...
compiling stm32f10x_gpio.c...
compiling stm32f10x_i2c.c...
compiling stm32f10x_iwdg.c...
compiling stm32f10x_pwr.c...
compiling stm32f10x_rcc.c...
compiling stm32f10x_rtc.c...
compiling stm32f10x_sdio.c...
compiling stm32f10x_spi.c...
compiling stm32f10x_tim.c...
compiling stm32f10x_usart.c...
compiling stm32f10x_wwdg.c...
compiling main.c...
compiling stm32f10x_it.c...
compiling iso.c...
compiling sys.c...
compiling delay.c...
compiling usart.c...
compiling led.c...
compiling key.c...
compiling ili9806e.c...
..\..\HardWare\ili9806e.h(28): warning:  #47-D: incompatible redefinition of macro "RGB" (declared at line 27)
..\..\HardWare\ili9806e.h:   #define RGB(r,g,b) (unsigned int)( (r/0x08 << 10) | (g/0x08<< 5) | b/0x08 )
..\..\HardWare\ili9806e.h:           ^
..\..\HardWare\ili9806e.c(20): error:  #130: expected a "{"
..\..\HardWare\ili9806e.c:   void LCD_DB_AS_OutPut(void)
..\..\HardWare\ili9806e.c:   ^
..\..\HardWare\ili9806e.c(31): error:  #65: expected a ";"
..\..\HardWare\ili9806e.c:      GPIO_InitStructure.GPIO_Pin = GPIO_Pin_8) || 
..\..\HardWare\ili9806e.c:                                              ^
..\..\HardWare\ili9806e.c(38): warning:  #12-D: parsing restarts here after previous syntax error
..\..\HardWare\ili9806e.c:                                    GPIO_Pin_15);
..\..\HardWare\ili9806e.c:                                                ^
..\..\HardWare\ili9806e.c(59): error:  #20: identifier "LCD_CLK_RS" is undefined
..\..\HardWare\ili9806e.c:      RCC_APB2PeriphClockCmd(LCD_CLK_RS | RCC_APB2Periph_GPIOE |
..\..\HardWare\ili9806e.c:                             ^
..\..\HardWare\ili9806e.c(60): error:  #20: identifier "LCD_CLK_WR" is undefined
..\..\HardWare\ili9806e.c:                            LCD_CLK_WR | LCD_CLK_RD |
..\..\HardWare\ili9806e.c:                            ^
..\..\HardWare\ili9806e.c(60): error:  #20: identifier "LCD_CLK_RD" is undefined
..\..\HardWare\ili9806e.c:                            LCD_CLK_WR | LCD_CLK_RD |
..\..\HardWare\ili9806e.c:                                         ^
..\..\HardWare\ili9806e.c(614): error:  #247: function "Lcd_Fill_Disp" has already been defined
..\..\HardWare\ili9806e.c:   void Lcd_Fill_Disp(u16 Color)
..\..\HardWare\ili9806e.c:        ^
..\..\HardWare\ili9806e.c(642): warning:  #69-D: integer conversion resulted in truncation
..\..\HardWare\ili9806e.c:              for(j=Lcd_Width;j>0;j--)
..\..\HardWare\ili9806e.c:                    ^
..\..\HardWare\ili9806e.c(672): warning:  #69-D: integer conversion resulted in truncation
..\..\HardWare\ili9806e.c:              for(j=Lcd_Width;j>0;j--)
..\..\HardWare\ili9806e.c:                    ^
..\..\HardWare\ili9806e.c(685): warning:  #69-D: integer conversion resulted in truncation
..\..\HardWare\ili9806e.c:      for(i=Lcd_Height;i>0;i--)
..\..\HardWare\ili9806e.c:            ^
..\..\HardWare\ili9806e.c(703): warning:  #69-D: integer conversion resulted in truncation
..\..\HardWare\ili9806e.c:              for(j=Lcd_Width;j>0;j--)
..\..\HardWare\ili9806e.c:                    ^
..\..\HardWare\ili9806e.c(735): warning:  #69-D: integer conversion resulted in truncation
..\..\HardWare\ili9806e.c:              for(j=Lcd_Width;j>0;j--)
..\..\HardWare\ili9806e.c:                    ^
..\..\HardWare\ili9806e.c(762): warning:  #177-D: variable "icount" was declared but never referenced
..\..\HardWare\ili9806e.c:      u8 icount;
..\..\HardWare\ili9806e.c:         ^
..\..\HardWare\ili9806e.c: ..\..\HardWare\ili9806e.c: 8 warnings, 6 errors
Target not created
Build target 'TEST_LED'
assembling startup_stm32f10x_hd.s...
compiling core_cm3.c...
compiling system_stm32f10x.c...
compiling misc.c...
compiling stm32f10x_adc.c...
compiling stm32f10x_bkp.c...
compiling stm32f10x_can.c...
compiling stm32f10x_cec.c...
compiling stm32f10x_crc.c...
compiling stm32f10x_dac.c...
compiling stm32f10x_dbgmcu.c...
compiling stm32f10x_dma.c...
compiling stm32f10x_exti.c...
compiling stm32f10x_flash.c...
compiling stm32f10x_fsmc.c...
compiling stm32f10x_gpio.c...
compiling stm32f10x_i2c.c...
compiling stm32f10x_iwdg.c...
compiling stm32f10x_pwr.c...
compiling stm32f10x_rcc.c...
compiling stm32f10x_rtc.c...
compiling stm32f10x_sdio.c...
compiling stm32f10x_spi.c...
compiling stm32f10x_tim.c...
compiling stm32f10x_usart.c...
compiling stm32f10x_wwdg.c...
compiling main.c...
compiling stm32f10x_it.c...
compiling iso.c...
compiling sys.c...
compiling delay.c...
compiling usart.c...
compiling led.c...
compiling key.c...
compiling ili9806e.c...
..\..\HardWare\ili9806e.c(20): error:  #130: expected a "{"
..\..\HardWare\ili9806e.c:   void LCD_DB_AS_OutPut(void)
..\..\HardWare\ili9806e.c:   ^
..\..\HardWare\ili9806e.c(31): error:  #65: expected a ";"
..\..\HardWare\ili9806e.c:      GPIO_InitStructure.GPIO_Pin = GPIO_Pin_8) || 
..\..\HardWare\ili9806e.c:                                              ^
..\..\HardWare\ili9806e.c(38): warning:  #12-D: parsing restarts here after previous syntax error
..\..\HardWare\ili9806e.c:                                    GPIO_Pin_15);
..\..\HardWare\ili9806e.c:                                                ^
..\..\HardWare\ili9806e.c(59): error:  #20: identifier "LCD_CLK_RS" is undefined
..\..\HardWare\ili9806e.c:      RCC_APB2PeriphClockCmd(LCD_CLK_RS | RCC_APB2Periph_GPIOE |
..\..\HardWare\ili9806e.c:                             ^
..\..\HardWare\ili9806e.c(60): error:  #20: identifier "LCD_CLK_WR" is undefined
..\..\HardWare\ili9806e.c:                            LCD_CLK_WR | LCD_CLK_RD |
..\..\HardWare\ili9806e.c:                            ^
..\..\HardWare\ili9806e.c(60): error:  #20: identifier "LCD_CLK_RD" is undefined
..\..\HardWare\ili9806e.c:                            LCD_CLK_WR | LCD_CLK_RD |
..\..\HardWare\ili9806e.c:                                         ^
..\..\HardWare\ili9806e.c(614): error:  #247: function "Lcd_Fill_Disp" has already been defined
..\..\HardWare\ili9806e.c:   void Lcd_Fill_Disp(u16 Color)
..\..\HardWare\ili9806e.c:        ^
..\..\HardWare\ili9806e.c(642): warning:  #69-D: integer conversion resulted in truncation
..\..\HardWare\ili9806e.c:              for(j=Lcd_Width;j>0;j--)
..\..\HardWare\ili9806e.c:                    ^
..\..\HardWare\ili9806e.c(672): warning:  #69-D: integer conversion resulted in truncation
..\..\HardWare\ili9806e.c:              for(j=Lcd_Width;j>0;j--)
..\..\HardWare\ili9806e.c:                    ^
..\..\HardWare\ili9806e.c(685): warning:  #69-D: integer conversion resulted in truncation
..\..\HardWare\ili9806e.c:      for(i=Lcd_Height;i>0;i--)
..\..\HardWare\ili9806e.c:            ^
..\..\HardWare\ili9806e.c(703): warning:  #69-D: integer conversion resulted in truncation
..\..\HardWare\ili9806e.c:              for(j=Lcd_Width;j>0;j--)
..\..\HardWare\ili9806e.c:                    ^
..\..\HardWare\ili9806e.c(735): warning:  #69-D: integer conversion resulted in truncation
..\..\HardWare\ili9806e.c:              for(j=Lcd_Width;j>0;j--)
..\..\HardWare\ili9806e.c:                    ^
..\..\HardWare\ili9806e.c(762): warning:  #177-D: variable "icount" was declared but never referenced
..\..\HardWare\ili9806e.c:      u8 icount;
..\..\HardWare\ili9806e.c:         ^
..\..\HardWare\ili9806e.c: ..\..\HardWare\ili9806e.c: 7 warnings, 6 errors
Target not created
Build target 'TEST_LED'
assembling startup_stm32f10x_hd.s...
compiling core_cm3.c...
compiling system_stm32f10x.c...
compiling misc.c...
compiling stm32f10x_adc.c...
compiling stm32f10x_bkp.c...
compiling stm32f10x_can.c...
compiling stm32f10x_cec.c...
compiling stm32f10x_crc.c...
compiling stm32f10x_dac.c...
compiling stm32f10x_dbgmcu.c...
compiling stm32f10x_dma.c...
compiling stm32f10x_exti.c...
compiling stm32f10x_flash.c...
compiling stm32f10x_fsmc.c...
compiling stm32f10x_gpio.c...
compiling stm32f10x_i2c.c...
compiling stm32f10x_iwdg.c...
compiling stm32f10x_pwr.c...
compiling stm32f10x_rcc.c...
compiling stm32f10x_rtc.c...
compiling stm32f10x_sdio.c...
compiling stm32f10x_spi.c...
compiling stm32f10x_tim.c...
compiling stm32f10x_usart.c...
compiling stm32f10x_wwdg.c...
compiling main.c...
compiling stm32f10x_it.c...
compiling iso.c...
compiling sys.c...
compiling delay.c...
compiling usart.c...
compiling led.c...
compiling key.c...
compiling ili9806e.c...
..\..\HardWare\ili9806e.c(20): error:  #130: expected a "{"
..\..\HardWare\ili9806e.c:   void LCD_DB_AS_OutPut(void)
..\..\HardWare\ili9806e.c:   ^
..\..\HardWare\ili9806e.c(58): error:  #20: identifier "LCD_CLK_RS" is undefined
..\..\HardWare\ili9806e.c:      RCC_APB2PeriphClockCmd(LCD_CLK_RS | RCC_APB2Periph_GPIOE |
..\..\HardWare\ili9806e.c:                             ^
..\..\HardWare\ili9806e.c(59): error:  #20: identifier "LCD_CLK_WR" is undefined
..\..\HardWare\ili9806e.c:                            LCD_CLK_WR | LCD_CLK_RD |
..\..\HardWare\ili9806e.c:                            ^
..\..\HardWare\ili9806e.c(59): error:  #20: identifier "LCD_CLK_RD" is undefined
..\..\HardWare\ili9806e.c:                            LCD_CLK_WR | LCD_CLK_RD |
..\..\HardWare\ili9806e.c:                                         ^
..\..\HardWare\ili9806e.c(613): error:  #247: function "Lcd_Fill_Disp" has already been defined
..\..\HardWare\ili9806e.c:   void Lcd_Fill_Disp(u16 Color)
..\..\HardWare\ili9806e.c:        ^
..\..\HardWare\ili9806e.c(641): warning:  #69-D: integer conversion resulted in truncation
..\..\HardWare\ili9806e.c:              for(j=Lcd_Width;j>0;j--)
..\..\HardWare\ili9806e.c:                    ^
..\..\HardWare\ili9806e.c(671): warning:  #69-D: integer conversion resulted in truncation
..\..\HardWare\ili9806e.c:              for(j=Lcd_Width;j>0;j--)
..\..\HardWare\ili9806e.c:                    ^
..\..\HardWare\ili9806e.c(684): warning:  #69-D: integer conversion resulted in truncation
..\..\HardWare\ili9806e.c:      for(i=Lcd_Height;i>0;i--)
..\..\HardWare\ili9806e.c:            ^
..\..\HardWare\ili9806e.c(702): warning:  #69-D: integer conversion resulted in truncation
..\..\HardWare\ili9806e.c:              for(j=Lcd_Width;j>0;j--)
..\..\HardWare\ili9806e.c:                    ^
..\..\HardWare\ili9806e.c(734): warning:  #69-D: integer conversion resulted in truncation
..\..\HardWare\ili9806e.c:              for(j=Lcd_Width;j>0;j--)
..\..\HardWare\ili9806e.c:                    ^
..\..\HardWare\ili9806e.c(761): warning:  #177-D: variable "icount" was declared but never referenced
..\..\HardWare\ili9806e.c:      u8 icount;
..\..\HardWare\ili9806e.c:         ^
..\..\HardWare\ili9806e.c: ..\..\HardWare\ili9806e.c: 6 warnings, 5 errors
Target not created
Build target 'TEST_LED'
assembling startup_stm32f10x_hd.s...
compiling core_cm3.c...
compiling system_stm32f10x.c...
compiling misc.c...
compiling stm32f10x_adc.c...
compiling stm32f10x_bkp.c...
compiling stm32f10x_can.c...
compiling stm32f10x_cec.c...
compiling stm32f10x_crc.c...
compiling stm32f10x_dac.c...
compiling stm32f10x_dbgmcu.c...
compiling stm32f10x_dma.c...
compiling stm32f10x_exti.c...
compiling stm32f10x_flash.c...
compiling stm32f10x_fsmc.c...
compiling stm32f10x_gpio.c...
compiling stm32f10x_i2c.c...
compiling stm32f10x_iwdg.c...
compiling stm32f10x_pwr.c...
compiling stm32f10x_rcc.c...
compiling stm32f10x_rtc.c...
compiling stm32f10x_sdio.c...
compiling stm32f10x_spi.c...
compiling stm32f10x_tim.c...
compiling stm32f10x_usart.c...
compiling stm32f10x_wwdg.c...
compiling main.c...
compiling stm32f10x_it.c...
compiling iso.c...
compiling sys.c...
compiling delay.c...
compiling usart.c...
compiling led.c...
compiling key.c...
compiling ili9806e.c...
..\..\HardWare\ili9806e.c(20): error:  #130: expected a "{"
..\..\HardWare\ili9806e.c:   void LCD_DB_AS_OutPut(void)
..\..\HardWare\ili9806e.c:   ^
..\..\HardWare\ili9806e.c(58): error:  #20: identifier "LCD_CLK_RS" is undefined
..\..\HardWare\ili9806e.c:      RCC_APB2PeriphClockCmd(LCD_CLK_RS | RCC_APB2Periph_GPIOE |
..\..\HardWare\ili9806e.c:                             ^
..\..\HardWare\ili9806e.c(59): error:  #20: identifier "LCD_CLK_WR" is undefined
..\..\HardWare\ili9806e.c:                            LCD_CLK_WR | LCD_CLK_RD |
..\..\HardWare\ili9806e.c:                            ^
..\..\HardWare\ili9806e.c(59): error:  #20: identifier "LCD_CLK_RD" is undefined
..\..\HardWare\ili9806e.c:                            LCD_CLK_WR | LCD_CLK_RD |
..\..\HardWare\ili9806e.c:                                         ^
..\..\HardWare\ili9806e.c(613): error:  #247: function "Lcd_Fill_Disp" has already been defined
..\..\HardWare\ili9806e.c:   void Lcd_Fill_Disp(u16 Color)
..\..\HardWare\ili9806e.c:        ^
..\..\HardWare\ili9806e.c(641): warning:  #69-D: integer conversion resulted in truncation
..\..\HardWare\ili9806e.c:              for(j=Lcd_Width;j>0;j--)
..\..\HardWare\ili9806e.c:                    ^
..\..\HardWare\ili9806e.c(671): warning:  #69-D: integer conversion resulted in truncation
..\..\HardWare\ili9806e.c:              for(j=Lcd_Width;j>0;j--)
..\..\HardWare\ili9806e.c:                    ^
..\..\HardWare\ili9806e.c(684): warning:  #69-D: integer conversion resulted in truncation
..\..\HardWare\ili9806e.c:      for(i=Lcd_Height;i>0;i--)
..\..\HardWare\ili9806e.c:            ^
..\..\HardWare\ili9806e.c(702): warning:  #69-D: integer conversion resulted in truncation
..\..\HardWare\ili9806e.c:              for(j=Lcd_Width;j>0;j--)
..\..\HardWare\ili9806e.c:                    ^
..\..\HardWare\ili9806e.c(734): warning:  #69-D: integer conversion resulted in truncation
..\..\HardWare\ili9806e.c:              for(j=Lcd_Width;j>0;j--)
..\..\HardWare\ili9806e.c:                    ^
..\..\HardWare\ili9806e.c(761): warning:  #177-D: variable "icount" was declared but never referenced
..\..\HardWare\ili9806e.c:      u8 icount;
..\..\HardWare\ili9806e.c:         ^
..\..\HardWare\ili9806e.c: ..\..\HardWare\ili9806e.c: 6 warnings, 5 errors
Target not created
Build target 'TEST_LED'
assembling startup_stm32f10x_hd.s...
compiling core_cm3.c...
compiling system_stm32f10x.c...
compiling misc.c...
compiling stm32f10x_adc.c...
compiling stm32f10x_bkp.c...
compiling stm32f10x_can.c...
compiling stm32f10x_cec.c...
compiling stm32f10x_crc.c...
compiling stm32f10x_dac.c...
compiling stm32f10x_dbgmcu.c...
compiling stm32f10x_dma.c...
compiling stm32f10x_exti.c...
compiling stm32f10x_flash.c...
compiling stm32f10x_fsmc.c...
compiling stm32f10x_gpio.c...
compiling stm32f10x_i2c.c...
compiling stm32f10x_iwdg.c...
compiling stm32f10x_pwr.c...
compiling stm32f10x_rcc.c...
compiling stm32f10x_rtc.c...
compiling stm32f10x_sdio.c...
compiling stm32f10x_spi.c...
compiling stm32f10x_tim.c...
compiling stm32f10x_usart.c...
compiling stm32f10x_wwdg.c...
compiling main.c...
compiling stm32f10x_it.c...
compiling iso.c...
compiling sys.c...
compiling delay.c...
compiling usart.c...
compiling led.c...
compiling key.c...
compiling ili9806e.c...
..\..\HardWare\ili9806e.c(20): error:  #130: expected a "{"
..\..\HardWare\ili9806e.c:   void LCD_DB_AS_OutPut( )
..\..\HardWare\ili9806e.c:   ^
..\..\HardWare\ili9806e.c(59): error:  #20: identifier "LCD_CLK_RS" is undefined
..\..\HardWare\ili9806e.c:      RCC_APB2PeriphClockCmd(LCD_CLK_RS | RCC_APB2Periph_GPIOE |
..\..\HardWare\ili9806e.c:                             ^
..\..\HardWare\ili9806e.c(60): error:  #20: identifier "LCD_CLK_WR" is undefined
..\..\HardWare\ili9806e.c:                            LCD_CLK_WR | LCD_CLK_RD |
..\..\HardWare\ili9806e.c:                            ^
..\..\HardWare\ili9806e.c(60): error:  #20: identifier "LCD_CLK_RD" is undefined
..\..\HardWare\ili9806e.c:                            LCD_CLK_WR | LCD_CLK_RD |
..\..\HardWare\ili9806e.c:                                         ^
..\..\HardWare\ili9806e.c(614): error:  #247: function "Lcd_Fill_Disp" has already been defined
..\..\HardWare\ili9806e.c:   void Lcd_Fill_Disp(u16 Color)
..\..\HardWare\ili9806e.c:        ^
..\..\HardWare\ili9806e.c(642): warning:  #69-D: integer conversion resulted in truncation
..\..\HardWare\ili9806e.c:              for(j=Lcd_Width;j>0;j--)
..\..\HardWare\ili9806e.c:                    ^
..\..\HardWare\ili9806e.c(672): warning:  #69-D: integer conversion resulted in truncation
..\..\HardWare\ili9806e.c:              for(j=Lcd_Width;j>0;j--)
..\..\HardWare\ili9806e.c:                    ^
..\..\HardWare\ili9806e.c(685): warning:  #69-D: integer conversion resulted in truncation
..\..\HardWare\ili9806e.c:      for(i=Lcd_Height;i>0;i--)
..\..\HardWare\ili9806e.c:            ^
..\..\HardWare\ili9806e.c(703): warning:  #69-D: integer conversion resulted in truncation
..\..\HardWare\ili9806e.c:              for(j=Lcd_Width;j>0;j--)
..\..\HardWare\ili9806e.c:                    ^
..\..\HardWare\ili9806e.c(735): warning:  #69-D: integer conversion resulted in truncation
..\..\HardWare\ili9806e.c:              for(j=Lcd_Width;j>0;j--)
..\..\HardWare\ili9806e.c:                    ^
..\..\HardWare\ili9806e.c(762): warning:  #177-D: variable "icount" was declared but never referenced
..\..\HardWare\ili9806e.c:      u8 icount;
..\..\HardWare\ili9806e.c:         ^
..\..\HardWare\ili9806e.c: ..\..\HardWare\ili9806e.c: 6 warnings, 5 errors
Target not created
Build target 'TEST_LED'
assembling startup_stm32f10x_hd.s...
compiling core_cm3.c...
compiling system_stm32f10x.c...
compiling misc.c...
compiling stm32f10x_adc.c...
compiling stm32f10x_bkp.c...
compiling stm32f10x_can.c...
compiling stm32f10x_cec.c...
compiling stm32f10x_crc.c...
compiling stm32f10x_dac.c...
compiling stm32f10x_dbgmcu.c...
compiling stm32f10x_dma.c...
compiling stm32f10x_exti.c...
compiling stm32f10x_flash.c...
compiling stm32f10x_fsmc.c...
compiling stm32f10x_gpio.c...
compiling stm32f10x_i2c.c...
compiling stm32f10x_iwdg.c...
compiling stm32f10x_pwr.c...
compiling stm32f10x_rcc.c...
compiling stm32f10x_rtc.c...
compiling stm32f10x_sdio.c...
compiling stm32f10x_spi.c...
compiling stm32f10x_tim.c...
compiling stm32f10x_usart.c...
compiling stm32f10x_wwdg.c...
compiling main.c...
compiling stm32f10x_it.c...
compiling iso.c...
compiling sys.c...
compiling delay.c...
compiling usart.c...
compiling led.c...
compiling key.c...
compiling ili9806e.c...
..\..\HardWare\ili9806e.c(20): error:  #130: expected a "{"
..\..\HardWare\ili9806e.c:   void LCD_DB_AS_OutPut( )
..\..\HardWare\ili9806e.c:   ^
..\..\HardWare\ili9806e.c(613): error:  #247: function "Lcd_Fill_Disp" has already been defined
..\..\HardWare\ili9806e.c:   void Lcd_Fill_Disp(u16 Color)
..\..\HardWare\ili9806e.c:        ^
..\..\HardWare\ili9806e.c(641): warning:  #69-D: integer conversion resulted in truncation
..\..\HardWare\ili9806e.c:              for(j=Lcd_Width;j>0;j--)
..\..\HardWare\ili9806e.c:                    ^
..\..\HardWare\ili9806e.c(671): warning:  #69-D: integer conversion resulted in truncation
..\..\HardWare\ili9806e.c:              for(j=Lcd_Width;j>0;j--)
..\..\HardWare\ili9806e.c:                    ^
..\..\HardWare\ili9806e.c(684): warning:  #69-D: integer conversion resulted in truncation
..\..\HardWare\ili9806e.c:      for(i=Lcd_Height;i>0;i--)
..\..\HardWare\ili9806e.c:            ^
..\..\HardWare\ili9806e.c(702): warning:  #69-D: integer conversion resulted in truncation
..\..\HardWare\ili9806e.c:              for(j=Lcd_Width;j>0;j--)
..\..\HardWare\ili9806e.c:                    ^
..\..\HardWare\ili9806e.c(734): warning:  #69-D: integer conversion resulted in truncation
..\..\HardWare\ili9806e.c:              for(j=Lcd_Width;j>0;j--)
..\..\HardWare\ili9806e.c:                    ^
..\..\HardWare\ili9806e.c(761): warning:  #177-D: variable "icount" was declared but never referenced
..\..\HardWare\ili9806e.c:      u8 icount;
..\..\HardWare\ili9806e.c:         ^
..\..\HardWare\ili9806e.c: ..\..\HardWare\ili9806e.c: 6 warnings, 2 errors
Target not created
Build target 'TEST_LED'
assembling startup_stm32f10x_hd.s...
compiling core_cm3.c...
compiling system_stm32f10x.c...
compiling misc.c...
compiling stm32f10x_adc.c...
compiling stm32f10x_bkp.c...
compiling stm32f10x_can.c...
compiling stm32f10x_cec.c...
compiling stm32f10x_crc.c...
compiling stm32f10x_dac.c...
compiling stm32f10x_dbgmcu.c...
compiling stm32f10x_dma.c...
compiling stm32f10x_exti.c...
compiling stm32f10x_flash.c...
compiling stm32f10x_fsmc.c...
compiling stm32f10x_gpio.c...
compiling stm32f10x_i2c.c...
compiling stm32f10x_iwdg.c...
compiling stm32f10x_pwr.c...
compiling stm32f10x_rcc.c...
compiling stm32f10x_rtc.c...
compiling stm32f10x_sdio.c...
compiling stm32f10x_spi.c...
compiling stm32f10x_tim.c...
compiling stm32f10x_usart.c...
compiling stm32f10x_wwdg.c...
compiling main.c...
compiling stm32f10x_it.c...
compiling iso.c...
compiling sys.c...
compiling delay.c...
compiling usart.c...
compiling led.c...
compiling key.c...
compiling ili9806e.c...
..\..\HardWare\ili9806e.c(21): error:  #130: expected a "{"
..\..\HardWare\ili9806e.c:   void LCD_DB_AS_Output()
..\..\HardWare\ili9806e.c:   ^
..\..\HardWare\ili9806e.c(613): error:  #247: function "Lcd_Fill_Disp" has already been defined
..\..\HardWare\ili9806e.c:   void Lcd_Fill_Disp(u16 Color)
..\..\HardWare\ili9806e.c:        ^
..\..\HardWare\ili9806e.c(641): warning:  #69-D: integer conversion resulted in truncation
..\..\HardWare\ili9806e.c:              for(j=Lcd_Width;j>0;j--)
..\..\HardWare\ili9806e.c:                    ^
..\..\HardWare\ili9806e.c(671): warning:  #69-D: integer conversion resulted in truncation
..\..\HardWare\ili9806e.c:              for(j=Lcd_Width;j>0;j--)
..\..\HardWare\ili9806e.c:                    ^
..\..\HardWare\ili9806e.c(684): warning:  #69-D: integer conversion resulted in truncation
..\..\HardWare\ili9806e.c:      for(i=Lcd_Height;i>0;i--)
..\..\HardWare\ili9806e.c:            ^
..\..\HardWare\ili9806e.c(702): warning:  #69-D: integer conversion resulted in truncation
..\..\HardWare\ili9806e.c:              for(j=Lcd_Width;j>0;j--)
..\..\HardWare\ili9806e.c:                    ^
..\..\HardWare\ili9806e.c(734): warning:  #69-D: integer conversion resulted in truncation
..\..\HardWare\ili9806e.c:              for(j=Lcd_Width;j>0;j--)
..\..\HardWare\ili9806e.c:                    ^
..\..\HardWare\ili9806e.c(761): warning:  #177-D: variable "icount" was declared but never referenced
..\..\HardWare\ili9806e.c:      u8 icount;
..\..\HardWare\ili9806e.c:         ^
..\..\HardWare\ili9806e.c: ..\..\HardWare\ili9806e.c: 6 warnings, 2 errors
Target not created
Build target 'TEST_LED'
assembling startup_stm32f10x_hd.s...
compiling core_cm3.c...
compiling system_stm32f10x.c...
compiling misc.c...
compiling stm32f10x_adc.c...
compiling stm32f10x_bkp.c...
compiling stm32f10x_can.c...
compiling stm32f10x_cec.c...
compiling stm32f10x_crc.c...
compiling stm32f10x_dac.c...
compiling stm32f10x_dbgmcu.c...
compiling stm32f10x_dma.c...
compiling stm32f10x_exti.c...
compiling stm32f10x_flash.c...
compiling stm32f10x_fsmc.c...
compiling stm32f10x_gpio.c...
compiling stm32f10x_i2c.c...
compiling stm32f10x_iwdg.c...
compiling stm32f10x_pwr.c...
compiling stm32f10x_rcc.c...
compiling stm32f10x_rtc.c...
compiling stm32f10x_sdio.c...
compiling stm32f10x_spi.c...
compiling stm32f10x_tim.c...
compiling stm32f10x_usart.c...
compiling stm32f10x_wwdg.c...
compiling main.c...
compiling stm32f10x_it.c...
compiling iso.c...
compiling sys.c...
compiling delay.c...
compiling usart.c...
compiling led.c...
compiling key.c...
compiling ili9806e.c...
..\..\HardWare\ili9806e.h(127): warning:  #1295-D: Deprecated declaration LCD_DB_AS_OutPut - give arg types
..\..\HardWare\ili9806e.h:   void LCD_DB_AS_OutPut();
..\..\HardWare\ili9806e.h:        ^
..\..\HardWare\ili9806e.c(21): error:  #130: expected a "{"
..\..\HardWare\ili9806e.c:   void LCD_DB_AS_Output()
..\..\HardWare\ili9806e.c:   ^
..\..\HardWare\ili9806e.c(613): error:  #247: function "Lcd_Fill_Disp" has already been defined
..\..\HardWare\ili9806e.c:   void Lcd_Fill_Disp(u16 Color)
..\..\HardWare\ili9806e.c:        ^
..\..\HardWare\ili9806e.c(641): warning:  #69-D: integer conversion resulted in truncation
..\..\HardWare\ili9806e.c:              for(j=Lcd_Width;j>0;j--)
..\..\HardWare\ili9806e.c:                    ^
..\..\HardWare\ili9806e.c(671): warning:  #69-D: integer conversion resulted in truncation
..\..\HardWare\ili9806e.c:              for(j=Lcd_Width;j>0;j--)
..\..\HardWare\ili9806e.c:                    ^
..\..\HardWare\ili9806e.c(684): warning:  #69-D: integer conversion resulted in truncation
..\..\HardWare\ili9806e.c:      for(i=Lcd_Height;i>0;i--)
..\..\HardWare\ili9806e.c:            ^
..\..\HardWare\ili9806e.c(702): warning:  #69-D: integer conversion resulted in truncation
..\..\HardWare\ili9806e.c:              for(j=Lcd_Width;j>0;j--)
..\..\HardWare\ili9806e.c:                    ^
..\..\HardWare\ili9806e.c(734): warning:  #69-D: integer conversion resulted in truncation
..\..\HardWare\ili9806e.c:              for(j=Lcd_Width;j>0;j--)
..\..\HardWare\ili9806e.c:                    ^
..\..\HardWare\ili9806e.c(761): warning:  #177-D: variable "icount" was declared but never referenced
..\..\HardWare\ili9806e.c:      u8 icount;
..\..\HardWare\ili9806e.c:         ^
..\..\HardWare\ili9806e.c: ..\..\HardWare\ili9806e.c: 7 warnings, 2 errors
Target not created
Build target 'TEST_LED'
assembling startup_stm32f10x_hd.s...
compiling core_cm3.c...
compiling system_stm32f10x.c...
compiling misc.c...
compiling stm32f10x_adc.c...
compiling stm32f10x_bkp.c...
compiling stm32f10x_can.c...
compiling stm32f10x_cec.c...
compiling stm32f10x_crc.c...
compiling stm32f10x_dac.c...
compiling stm32f10x_dbgmcu.c...
compiling stm32f10x_dma.c...
compiling stm32f10x_exti.c...
compiling stm32f10x_flash.c...
compiling stm32f10x_fsmc.c...
compiling stm32f10x_gpio.c...
compiling stm32f10x_i2c.c...
compiling stm32f10x_iwdg.c...
compiling stm32f10x_pwr.c...
compiling stm32f10x_rcc.c...
compiling stm32f10x_rtc.c...
compiling stm32f10x_sdio.c...
compiling stm32f10x_spi.c...
compiling stm32f10x_tim.c...
compiling stm32f10x_usart.c...
compiling stm32f10x_wwdg.c...
compiling main.c...
compiling stm32f10x_it.c...
compiling iso.c...
compiling sys.c...
compiling delay.c...
compiling usart.c...
compiling led.c...
compiling key.c...
compiling ili9806e.c...
..\..\HardWare\ili9806e.h(127): warning:  #1295-D: Deprecated declaration LCD_DB_AS_OutPut - give arg types
..\..\HardWare\ili9806e.h:   void LCD_DB_AS_OutPut();
..\..\HardWare\ili9806e.h:        ^
..\..\HardWare\ili9806e.c(20): error:  #130: expected a "{"
..\..\HardWare\ili9806e.c:   void LCD_DB_AS_Output()
..\..\HardWare\ili9806e.c:   ^
..\..\HardWare\ili9806e.c(612): error:  #247: function "Lcd_Fill_Disp" has already been defined
..\..\HardWare\ili9806e.c:   void Lcd_Fill_Disp(u16 Color)
..\..\HardWare\ili9806e.c:        ^
..\..\HardWare\ili9806e.c(640): warning:  #69-D: integer conversion resulted in truncation
..\..\HardWare\ili9806e.c:              for(j=Lcd_Width;j>0;j--)
..\..\HardWare\ili9806e.c:                    ^
..\..\HardWare\ili9806e.c(670): warning:  #69-D: integer conversion resulted in truncation
..\..\HardWare\ili9806e.c:              for(j=Lcd_Width;j>0;j--)
..\..\HardWare\ili9806e.c:                    ^
..\..\HardWare\ili9806e.c(683): warning:  #69-D: integer conversion resulted in truncation
..\..\HardWare\ili9806e.c:      for(i=Lcd_Height;i>0;i--)
..\..\HardWare\ili9806e.c:            ^
..\..\HardWare\ili9806e.c(701): warning:  #69-D: integer conversion resulted in truncation
..\..\HardWare\ili9806e.c:              for(j=Lcd_Width;j>0;j--)
..\..\HardWare\ili9806e.c:                    ^
..\..\HardWare\ili9806e.c(733): warning:  #69-D: integer conversion resulted in truncation
..\..\HardWare\ili9806e.c:              for(j=Lcd_Width;j>0;j--)
..\..\HardWare\ili9806e.c:                    ^
..\..\HardWare\ili9806e.c(760): warning:  #177-D: variable "icount" was declared but never referenced
..\..\HardWare\ili9806e.c:      u8 icount;
..\..\HardWare\ili9806e.c:         ^
..\..\HardWare\ili9806e.c: ..\..\HardWare\ili9806e.c: 7 warnings, 2 errors
Target not created
Build target 'TEST_LED'
assembling startup_stm32f10x_hd.s...
compiling core_cm3.c...
compiling system_stm32f10x.c...
compiling misc.c...
compiling stm32f10x_adc.c...
compiling stm32f10x_bkp.c...
compiling stm32f10x_can.c...
compiling stm32f10x_cec.c...
compiling stm32f10x_crc.c...
compiling stm32f10x_dac.c...
compiling stm32f10x_dbgmcu.c...
compiling stm32f10x_dma.c...
compiling stm32f10x_exti.c...
compiling stm32f10x_flash.c...
compiling stm32f10x_fsmc.c...
compiling stm32f10x_gpio.c...
compiling stm32f10x_i2c.c...
compiling stm32f10x_iwdg.c...
compiling stm32f10x_pwr.c...
compiling stm32f10x_rcc.c...
compiling stm32f10x_rtc.c...
compiling stm32f10x_sdio.c...
compiling stm32f10x_spi.c...
compiling stm32f10x_tim.c...
compiling stm32f10x_usart.c...
compiling stm32f10x_wwdg.c...
compiling main.c...
compiling stm32f10x_it.c...
compiling iso.c...
compiling sys.c...
compiling delay.c...
compiling usart.c...
compiling led.c...
compiling key.c...
compiling ili9806e.c...
..\..\HardWare\ili9806e.c(20): error:  #130: expected a "{"
..\..\HardWare\ili9806e.c:   void LCD_DB_AS_Output()
..\..\HardWare\ili9806e.c:   ^
..\..\HardWare\ili9806e.c(612): error:  #247: function "Lcd_Fill_Disp" has already been defined
..\..\HardWare\ili9806e.c:   void Lcd_Fill_Disp(u16 Color)
..\..\HardWare\ili9806e.c:        ^
..\..\HardWare\ili9806e.c(640): warning:  #69-D: integer conversion resulted in truncation
..\..\HardWare\ili9806e.c:              for(j=Lcd_Width;j>0;j--)
..\..\HardWare\ili9806e.c:                    ^
..\..\HardWare\ili9806e.c(670): warning:  #69-D: integer conversion resulted in truncation
..\..\HardWare\ili9806e.c:              for(j=Lcd_Width;j>0;j--)
..\..\HardWare\ili9806e.c:                    ^
..\..\HardWare\ili9806e.c(683): warning:  #69-D: integer conversion resulted in truncation
..\..\HardWare\ili9806e.c:      for(i=Lcd_Height;i>0;i--)
..\..\HardWare\ili9806e.c:            ^
..\..\HardWare\ili9806e.c(701): warning:  #69-D: integer conversion resulted in truncation
..\..\HardWare\ili9806e.c:              for(j=Lcd_Width;j>0;j--)
..\..\HardWare\ili9806e.c:                    ^
..\..\HardWare\ili9806e.c(733): warning:  #69-D: integer conversion resulted in truncation
..\..\HardWare\ili9806e.c:              for(j=Lcd_Width;j>0;j--)
..\..\HardWare\ili9806e.c:                    ^
..\..\HardWare\ili9806e.c(760): warning:  #177-D: variable "icount" was declared but never referenced
..\..\HardWare\ili9806e.c:      u8 icount;
..\..\HardWare\ili9806e.c:         ^
..\..\HardWare\ili9806e.c: ..\..\HardWare\ili9806e.c: 6 warnings, 2 errors
Target not created
Build target 'TEST_LED'
assembling startup_stm32f10x_hd.s...
compiling core_cm3.c...
compiling system_stm32f10x.c...
compiling misc.c...
compiling stm32f10x_adc.c...
compiling stm32f10x_bkp.c...
compiling stm32f10x_can.c...
compiling stm32f10x_cec.c...
compiling stm32f10x_crc.c...
compiling stm32f10x_dac.c...
compiling stm32f10x_dbgmcu.c...
compiling stm32f10x_dma.c...
compiling stm32f10x_exti.c...
compiling stm32f10x_flash.c...
compiling stm32f10x_fsmc.c...
compiling stm32f10x_gpio.c...
compiling stm32f10x_i2c.c...
compiling stm32f10x_iwdg.c...
compiling stm32f10x_pwr.c...
compiling stm32f10x_rcc.c...
compiling stm32f10x_rtc.c...
compiling stm32f10x_sdio.c...
compiling stm32f10x_spi.c...
compiling stm32f10x_tim.c...
compiling stm32f10x_usart.c...
compiling stm32f10x_wwdg.c...
compiling main.c...
compiling stm32f10x_it.c...
compiling iso.c...
compiling sys.c...
compiling delay.c...
compiling usart.c...
compiling led.c...
compiling key.c...
compiling ili9806e.c...
..\..\HardWare\ili9806e.c(21): error:  #130: expected a "{"
..\..\HardWare\ili9806e.c:   void LCD_DB_AS_Output()
..\..\HardWare\ili9806e.c:   ^
..\..\HardWare\ili9806e.c(613): error:  #247: function "Lcd_Fill_Disp" has already been defined
..\..\HardWare\ili9806e.c:   void Lcd_Fill_Disp(u16 Color)
..\..\HardWare\ili9806e.c:        ^
..\..\HardWare\ili9806e.c(641): warning:  #69-D: integer conversion resulted in truncation
..\..\HardWare\ili9806e.c:              for(j=Lcd_Width;j>0;j--)
..\..\HardWare\ili9806e.c:                    ^
..\..\HardWare\ili9806e.c(671): warning:  #69-D: integer conversion resulted in truncation
..\..\HardWare\ili9806e.c:              for(j=Lcd_Width;j>0;j--)
..\..\HardWare\ili9806e.c:                    ^
..\..\HardWare\ili9806e.c(684): warning:  #69-D: integer conversion resulted in truncation
..\..\HardWare\ili9806e.c:      for(i=Lcd_Height;i>0;i--)
..\..\HardWare\ili9806e.c:            ^
..\..\HardWare\ili9806e.c(702): warning:  #69-D: integer conversion resulted in truncation
..\..\HardWare\ili9806e.c:              for(j=Lcd_Width;j>0;j--)
..\..\HardWare\ili9806e.c:                    ^
..\..\HardWare\ili9806e.c(734): warning:  #69-D: integer conversion resulted in truncation
..\..\HardWare\ili9806e.c:              for(j=Lcd_Width;j>0;j--)
..\..\HardWare\ili9806e.c:                    ^
..\..\HardWare\ili9806e.c(761): warning:  #177-D: variable "icount" was declared but never referenced
..\..\HardWare\ili9806e.c:      u8 icount;
..\..\HardWare\ili9806e.c:         ^
..\..\HardWare\ili9806e.c: ..\..\HardWare\ili9806e.c: 6 warnings, 2 errors
Target not created
Build target 'TEST_LED'
assembling startup_stm32f10x_hd.s...
compiling core_cm3.c...
compiling system_stm32f10x.c...
compiling misc.c...
compiling stm32f10x_adc.c...
compiling stm32f10x_bkp.c...
compiling stm32f10x_can.c...
compiling stm32f10x_cec.c...
compiling stm32f10x_crc.c...
compiling stm32f10x_dac.c...
compiling stm32f10x_dbgmcu.c...
compiling stm32f10x_dma.c...
compiling stm32f10x_exti.c...
compiling stm32f10x_flash.c...
compiling stm32f10x_fsmc.c...
compiling stm32f10x_gpio.c...
compiling stm32f10x_i2c.c...
compiling stm32f10x_iwdg.c...
compiling stm32f10x_pwr.c...
compiling stm32f10x_rcc.c...
compiling stm32f10x_rtc.c...
compiling stm32f10x_sdio.c...
compiling stm32f10x_spi.c...
compiling stm32f10x_tim.c...
compiling stm32f10x_usart.c...
compiling stm32f10x_wwdg.c...
compiling main.c...
compiling stm32f10x_it.c...
compiling iso.c...
compiling sys.c...
compiling delay.c...
compiling usart.c...
compiling led.c...
compiling key.c...
compiling ili9806e.c...
..\..\HardWare\ili9806e.c(21): error:  #130: expected a "{"
..\..\HardWare\ili9806e.c:   void LCD_DB_AS_Output()
..\..\HardWare\ili9806e.c:   ^
..\..\HardWare\ili9806e.c(613): error:  #247: function "Lcd_Fill_Disp" has already been defined
..\..\HardWare\ili9806e.c:   void Lcd_Fill_Disp(u16 Color)
..\..\HardWare\ili9806e.c:        ^
..\..\HardWare\ili9806e.c(641): warning:  #69-D: integer conversion resulted in truncation
..\..\HardWare\ili9806e.c:              for(j=Lcd_Width;j>0;j--)
..\..\HardWare\ili9806e.c:                    ^
..\..\HardWare\ili9806e.c(671): warning:  #69-D: integer conversion resulted in truncation
..\..\HardWare\ili9806e.c:              for(j=Lcd_Width;j>0;j--)
..\..\HardWare\ili9806e.c:                    ^
..\..\HardWare\ili9806e.c(684): warning:  #69-D: integer conversion resulted in truncation
..\..\HardWare\ili9806e.c:      for(i=Lcd_Height;i>0;i--)
..\..\HardWare\ili9806e.c:            ^
..\..\HardWare\ili9806e.c(702): warning:  #69-D: integer conversion resulted in truncation
..\..\HardWare\ili9806e.c:              for(j=Lcd_Width;j>0;j--)
..\..\HardWare\ili9806e.c:                    ^
..\..\HardWare\ili9806e.c(734): warning:  #69-D: integer conversion resulted in truncation
..\..\HardWare\ili9806e.c:              for(j=Lcd_Width;j>0;j--)
..\..\HardWare\ili9806e.c:                    ^
..\..\HardWare\ili9806e.c(761): warning:  #177-D: variable "icount" was declared but never referenced
..\..\HardWare\ili9806e.c:      u8 icount;
..\..\HardWare\ili9806e.c:         ^
..\..\HardWare\ili9806e.c: ..\..\HardWare\ili9806e.c: 6 warnings, 2 errors
Target not created
Build target 'TEST_LED'
assembling startup_stm32f10x_hd.s...
compiling core_cm3.c...
compiling system_stm32f10x.c...
compiling misc.c...
compiling stm32f10x_adc.c...
compiling stm32f10x_bkp.c...
compiling stm32f10x_can.c...
compiling stm32f10x_cec.c...
compiling stm32f10x_crc.c...
compiling stm32f10x_dac.c...
compiling stm32f10x_dbgmcu.c...
compiling stm32f10x_dma.c...
compiling stm32f10x_exti.c...
compiling stm32f10x_flash.c...
compiling stm32f10x_fsmc.c...
compiling stm32f10x_gpio.c...
compiling stm32f10x_i2c.c...
compiling stm32f10x_iwdg.c...
compiling stm32f10x_pwr.c...
compiling stm32f10x_rcc.c...
compiling stm32f10x_rtc.c...
compiling stm32f10x_sdio.c...
compiling stm32f10x_spi.c...
compiling stm32f10x_tim.c...
compiling stm32f10x_usart.c...
compiling stm32f10x_wwdg.c...
compiling main.c...
compiling stm32f10x_it.c...
compiling iso.c...
compiling sys.c...
compiling delay.c...
compiling usart.c...
compiling led.c...
compiling key.c...
compiling ili9806e.c...
..\..\HardWare\ili9806e.c(21): error:  #130: expected a "{"
..\..\HardWare\ili9806e.c:   void LCD_DB_AS_Output()
..\..\HardWare\ili9806e.c:   ^
..\..\HardWare\ili9806e.c(613): error:  #247: function "Lcd_Fill_Disp" has already been defined
..\..\HardWare\ili9806e.c:   void Lcd_Fill_Disp(u16 Color)
..\..\HardWare\ili9806e.c:        ^
..\..\HardWare\ili9806e.c(761): warning:  #177-D: variable "icount" was declared but never referenced
..\..\HardWare\ili9806e.c:      u8 icount;
..\..\HardWare\ili9806e.c:         ^
..\..\HardWare\ili9806e.c: ..\..\HardWare\ili9806e.c: 1 warning, 2 errors
Target not created
Build target 'TEST_LED'
assembling startup_stm32f10x_hd.s...
compiling core_cm3.c...
compiling system_stm32f10x.c...
compiling misc.c...
compiling stm32f10x_adc.c...
compiling stm32f10x_bkp.c...
compiling stm32f10x_can.c...
compiling stm32f10x_cec.c...
compiling stm32f10x_crc.c...
compiling stm32f10x_dac.c...
compiling stm32f10x_dbgmcu.c...
compiling stm32f10x_dma.c...
compiling stm32f10x_exti.c...
compiling stm32f10x_flash.c...
compiling stm32f10x_fsmc.c...
compiling stm32f10x_gpio.c...
compiling stm32f10x_i2c.c...
compiling stm32f10x_iwdg.c...
compiling stm32f10x_pwr.c...
compiling stm32f10x_rcc.c...
compiling stm32f10x_rtc.c...
compiling stm32f10x_sdio.c...
compiling stm32f10x_spi.c...
compiling stm32f10x_tim.c...
compiling stm32f10x_usart.c...
compiling stm32f10x_wwdg.c...
compiling main.c...
compiling stm32f10x_it.c...
compiling iso.c...
compiling sys.c...
compiling delay.c...
compiling usart.c...
compiling led.c...
compiling key.c...
compiling ili9806e.c...
..\..\HardWare\ili9806e.c(21): error:  #130: expected a "{"
..\..\HardWare\ili9806e.c:   void LCD_DB_AS_Output()
..\..\HardWare\ili9806e.c:   ^
..\..\HardWare\ili9806e.c(613): error:  #247: function "Lcd_Fill_Disp" has already been defined
..\..\HardWare\ili9806e.c:   void Lcd_Fill_Disp(u16 Color)
..\..\HardWare\ili9806e.c:        ^
..\..\HardWare\ili9806e.c: ..\..\HardWare\ili9806e.c: 0 warnings, 2 errors
Target not created
Build target 'TEST_LED'
assembling startup_stm32f10x_hd.s...
compiling core_cm3.c...
compiling system_stm32f10x.c...
compiling misc.c...
compiling stm32f10x_adc.c...
compiling stm32f10x_bkp.c...
compiling stm32f10x_can.c...
compiling stm32f10x_cec.c...
compiling stm32f10x_crc.c...
compiling stm32f10x_dac.c...
compiling stm32f10x_dbgmcu.c...
compiling stm32f10x_dma.c...
compiling stm32f10x_exti.c...
compiling stm32f10x_flash.c...
compiling stm32f10x_fsmc.c...
compiling stm32f10x_gpio.c...
compiling stm32f10x_i2c.c...
compiling stm32f10x_iwdg.c...
compiling stm32f10x_pwr.c...
compiling stm32f10x_rcc.c...
compiling stm32f10x_rtc.c...
compiling stm32f10x_sdio.c...
compiling stm32f10x_spi.c...
compiling stm32f10x_tim.c...
compiling stm32f10x_usart.c...
compiling stm32f10x_wwdg.c...
compiling main.c...
compiling stm32f10x_it.c...
compiling iso.c...
compiling sys.c...
compiling delay.c...
compiling usart.c...
compiling led.c...
compiling key.c...
compiling ili9806e.c...
..\..\HardWare\ili9806e.c(21): error:  #130: expected a "{"
..\..\HardWare\ili9806e.c:   void LCD_DB_AS_Output()
..\..\HardWare\ili9806e.c:   ^
..\..\HardWare\ili9806e.c(613): error:  #247: function "Lcd_Fill_Disp" has already been defined
..\..\HardWare\ili9806e.c:   void Lcd_Fill_Disp(u16 Color)
..\..\HardWare\ili9806e.c:        ^
..\..\HardWare\ili9806e.c: ..\..\HardWare\ili9806e.c: 0 warnings, 2 errors
Target not created
Build target 'TEST_LED'
assembling startup_stm32f10x_hd.s...
compiling core_cm3.c...
compiling system_stm32f10x.c...
compiling misc.c...
compiling stm32f10x_adc.c...
compiling stm32f10x_bkp.c...
compiling stm32f10x_can.c...
compiling stm32f10x_cec.c...
compiling stm32f10x_crc.c...
compiling stm32f10x_dac.c...
compiling stm32f10x_dbgmcu.c...
compiling stm32f10x_dma.c...
compiling stm32f10x_exti.c...
compiling stm32f10x_flash.c...
compiling stm32f10x_fsmc.c...
compiling stm32f10x_gpio.c...
compiling stm32f10x_i2c.c...
compiling stm32f10x_iwdg.c...
compiling stm32f10x_pwr.c...
compiling stm32f10x_rcc.c...
compiling stm32f10x_rtc.c...
compiling stm32f10x_sdio.c...
compiling stm32f10x_spi.c...
compiling stm32f10x_tim.c...
compiling stm32f10x_usart.c...
compiling stm32f10x_wwdg.c...
compiling main.c...
compiling stm32f10x_it.c...
compiling iso.c...
compiling sys.c...
compiling delay.c...
compiling usart.c...
compiling led.c...
compiling key.c...
compiling ili9806e.c...
..\..\HardWare\ili9806e.c(21): error:  #130: expected a "{"
..\..\HardWare\ili9806e.c:   void LCD_DB_AS_Output()
..\..\HardWare\ili9806e.c:   ^
..\..\HardWare\ili9806e.c(610): error:  #247: function "Lcd_Fill_Disp" has already been defined
..\..\HardWare\ili9806e.c:   void Lcd_Fill_Disp(u16 Color)
..\..\HardWare\ili9806e.c:        ^
..\..\HardWare\ili9806e.c: ..\..\HardWare\ili9806e.c: 0 warnings, 2 errors
Target not created
Build target 'TEST_LED'
compiling ili9806e.c...
..\..\HardWare\ili9806e.c(21): error:  #130: expected a "{"
..\..\HardWare\ili9806e.c:   void LCD_DB_AS_Output1()
..\..\HardWare\ili9806e.c:   ^
..\..\HardWare\ili9806e.c(610): error:  #247: function "Lcd_Fill_Disp" has already been defined
..\..\HardWare\ili9806e.c:   void Lcd_Fill_Disp(u16 Color)
..\..\HardWare\ili9806e.c:        ^
..\..\HardWare\ili9806e.c: ..\..\HardWare\ili9806e.c: 0 warnings, 2 errors
Target not created
Build target 'TEST_LED'
compiling ili9806e.c...
..\..\HardWare\ili9806e.c(21): error:  #130: expected a "{"
..\..\HardWare\ili9806e.c:   void LCD_DB_AS_Output1()
..\..\HardWare\ili9806e.c:   ^
..\..\HardWare\ili9806e.c(610): error:  #247: function "Lcd_Fill_Disp" has already been defined
..\..\HardWare\ili9806e.c:   void Lcd_Fill_Disp(u16 Color)
..\..\HardWare\ili9806e.c:        ^
..\..\HardWare\ili9806e.c: ..\..\HardWare\ili9806e.c: 0 warnings, 2 errors
Target not created
Build target 'TEST_LED'
compiling ili9806e.c...
..\..\HardWare\ili9806e.c(21): error:  #130: expected a "{"
..\..\HardWare\ili9806e.c:   void LCD_DB_AS_Output(void)
..\..\HardWare\ili9806e.c:   ^
..\..\HardWare\ili9806e.c(610): error:  #247: function "Lcd_Fill_Disp" has already been defined
..\..\HardWare\ili9806e.c:   void Lcd_Fill_Disp(u16 Color)
..\..\HardWare\ili9806e.c:        ^
..\..\HardWare\ili9806e.c: ..\..\HardWare\ili9806e.c: 0 warnings, 2 errors
Target not created
Build target 'TEST_LED'
compiling ili9806e.c...
..\..\HardWare\ili9806e.c(52): error:  #130: expected a "{"
..\..\HardWare\ili9806e.c:   void LCD_Pins_Config(void)
..\..\HardWare\ili9806e.c:   ^
..\..\HardWare\ili9806e.c(610): error:  #247: function "Lcd_Fill_Disp" has already been defined
..\..\HardWare\ili9806e.c:   void Lcd_Fill_Disp(u16 Color)
..\..\HardWare\ili9806e.c:        ^
..\..\HardWare\ili9806e.c: ..\..\HardWare\ili9806e.c: 0 warnings, 2 errors
Target not created
Build target 'TEST_LED'
compiling ili9806e.c...
..\..\HardWare\ili9806e.c(21): error:  #130: expected a "{"
..\..\HardWare\ili9806e.c:   void LCD_DB_AS_Output(void)  
..\..\HardWare\ili9806e.c:   ^
..\..\HardWare\ili9806e.c(610): error:  #247: function "Lcd_Fill_Disp" has already been defined
..\..\HardWare\ili9806e.c:   void Lcd_Fill_Disp(u16 Color)
..\..\HardWare\ili9806e.c:        ^
..\..\HardWare\ili9806e.c: ..\..\HardWare\ili9806e.c: 0 warnings, 2 errors
Target not created
Build target 'TEST_LED'
compiling ili9806e.c...
..\..\HardWare\ili9806e.c(19): error:  #130: expected a "{"
..\..\HardWare\ili9806e.c:   void LCD_DB_AS_Output(void)  
..\..\HardWare\ili9806e.c:   ^
..\..\HardWare\ili9806e.c(608): error:  #247: function "Lcd_Fill_Disp" has already been defined
..\..\HardWare\ili9806e.c:   void Lcd_Fill_Disp(u16 Color)
..\..\HardWare\ili9806e.c:        ^
..\..\HardWare\ili9806e.c: ..\..\HardWare\ili9806e.c: 0 warnings, 2 errors
Target not created
Build target 'TEST_LED'
assembling startup_stm32f10x_hd.s...
compiling core_cm3.c...
compiling system_stm32f10x.c...
compiling misc.c...
compiling stm32f10x_adc.c...
compiling stm32f10x_bkp.c...
compiling stm32f10x_can.c...
compiling stm32f10x_cec.c...
compiling stm32f10x_crc.c...
compiling stm32f10x_dac.c...
compiling stm32f10x_dbgmcu.c...
compiling stm32f10x_dma.c...
compiling stm32f10x_exti.c...
compiling stm32f10x_flash.c...
compiling stm32f10x_fsmc.c...
compiling stm32f10x_gpio.c...
compiling stm32f10x_i2c.c...
compiling stm32f10x_iwdg.c...
compiling stm32f10x_pwr.c...
compiling stm32f10x_rcc.c...
compiling stm32f10x_rtc.c...
compiling stm32f10x_sdio.c...
compiling stm32f10x_spi.c...
compiling stm32f10x_tim.c...
compiling stm32f10x_usart.c...
compiling stm32f10x_wwdg.c...
compiling main.c...
compiling stm32f10x_it.c...
compiling iso.c...
compiling sys.c...
compiling delay.c...
compiling usart.c...
compiling led.c...
compiling key.c...
compiling ili9806e.c...
..\..\HardWare\ili9806e.c(3): error:  #130: expected a "{"
..\..\HardWare\ili9806e.c:   void LCD_DB_AS_Output(void)  
..\..\HardWare\ili9806e.c:   ^
..\..\HardWare\ili9806e.c(592): error:  #247: function "Lcd_Fill_Disp" has already been defined
..\..\HardWare\ili9806e.c:   void Lcd_Fill_Disp(u16 Color)
..\..\HardWare\ili9806e.c:        ^
..\..\HardWare\ili9806e.c: ..\..\HardWare\ili9806e.c: 0 warnings, 2 errors
Target not created
Build target 'TEST_LED'
compiling ili9806e.c...
..\..\HardWare\ili9806e.c(20): error:  #130: expected a "{"
..\..\HardWare\ili9806e.c:   void LCD_DB_AS_Output(void)  
..\..\HardWare\ili9806e.c:   ^
..\..\HardWare\ili9806e.c(609): error:  #247: function "Lcd_Fill_Disp" has already been defined
..\..\HardWare\ili9806e.c:   void Lcd_Fill_Disp(u16 Color)
..\..\HardWare\ili9806e.c:        ^
..\..\HardWare\ili9806e.c: ..\..\HardWare\ili9806e.c: 0 warnings, 2 errors
Target not created
Build target 'TEST_LED'
assembling startup_stm32f10x_hd.s...
compiling core_cm3.c...
compiling system_stm32f10x.c...
compiling misc.c...
compiling stm32f10x_adc.c...
compiling stm32f10x_bkp.c...
compiling stm32f10x_can.c...
compiling stm32f10x_cec.c...
compiling stm32f10x_crc.c...
compiling stm32f10x_dac.c...
compiling stm32f10x_dbgmcu.c...
compiling stm32f10x_dma.c...
compiling stm32f10x_exti.c...
compiling stm32f10x_flash.c...
compiling stm32f10x_fsmc.c...
compiling stm32f10x_gpio.c...
compiling stm32f10x_i2c.c...
compiling stm32f10x_iwdg.c...
compiling stm32f10x_pwr.c...
compiling stm32f10x_rcc.c...
compiling stm32f10x_rtc.c...
compiling stm32f10x_sdio.c...
compiling stm32f10x_spi.c...
compiling stm32f10x_tim.c...
compiling stm32f10x_usart.c...
compiling stm32f10x_wwdg.c...
compiling main.c...
compiling stm32f10x_it.c...
compiling iso.c...
compiling sys.c...
compiling delay.c...
compiling usart.c...
compiling led.c...
compiling key.c...
compiling ili9806e.c...
..\..\HardWare\ili9806e.c(20): error:  #130: expected a "{"
..\..\HardWare\ili9806e.c:   void adcad(void)  
..\..\HardWare\ili9806e.c:   ^
..\..\HardWare\ili9806e.c(609): error:  #247: function "Lcd_Fill_Disp" has already been defined
..\..\HardWare\ili9806e.c:   void Lcd_Fill_Disp(u16 Color)
..\..\HardWare\ili9806e.c:        ^
..\..\HardWare\ili9806e.c: ..\..\HardWare\ili9806e.c: 0 warnings, 2 errors
Target not created
Build target 'TEST_LED'
compiling ili9806e.c...
..\..\HardWare\ili9806e.c(17): error:  #130: expected a "{"
..\..\HardWare\ili9806e.c:   void LCD_DB_AS_Output(void)
..\..\HardWare\ili9806e.c:   ^
..\..\HardWare\ili9806e.c(606): error:  #247: function "Lcd_Fill_Disp" has already been defined
..\..\HardWare\ili9806e.c:   void Lcd_Fill_Disp(u16 Color)
..\..\HardWare\ili9806e.c:        ^
..\..\HardWare\ili9806e.c: ..\..\HardWare\ili9806e.c: 0 warnings, 2 errors
Target not created
Build target 'TEST_LED'
compiling ili9806e.c...
..\..\HardWare\ili9806e.c(10): error:  #130: expected a "{"
..\..\HardWare\ili9806e.c:    void abc()
..\..\HardWare\ili9806e.c:    ^
..\..\HardWare\ili9806e.c(611): error:  #247: function "Lcd_Fill_Disp" has already been defined
..\..\HardWare\ili9806e.c:   void Lcd_Fill_Disp(u16 Color)
..\..\HardWare\ili9806e.c:        ^
..\..\HardWare\ili9806e.c: ..\..\HardWare\ili9806e.c: 0 warnings, 2 errors
Target not created
Build target 'TEST_LED'
compiling myself.c...
..\..\HardWare\myself.c(3): error:  #130: expected a "{"
..\..\HardWare\myself.c:   void LCD_DB_AS_Output(void)
..\..\HardWare\myself.c:   ^
..\..\HardWare\myself.c: ..\..\HardWare\myself.c: 0 warnings, 1 error
Target not created
Build target 'TEST_LED'
compiling myself.c...
linking...
Program Size: Code=2796 RO-data=336 RW-data=32 ZI-data=1224  
FromELF: creating hex file...
"..\..\Output\STM32_UART.axf" - 0 Error(s), 0 Warning(s).
Build target 'TEST_LED'
assembling startup_stm32f10x_hd.s...
compiling core_cm3.c...
compiling system_stm32f10x.c...
compiling misc.c...
compiling stm32f10x_adc.c...
compiling stm32f10x_bkp.c...
compiling stm32f10x_can.c...
compiling stm32f10x_cec.c...
compiling stm32f10x_crc.c...
compiling stm32f10x_dac.c...
compiling stm32f10x_dbgmcu.c...
compiling stm32f10x_dma.c...
compiling stm32f10x_exti.c...
compiling stm32f10x_flash.c...
compiling stm32f10x_fsmc.c...
compiling stm32f10x_gpio.c...
compiling stm32f10x_i2c.c...
compiling stm32f10x_iwdg.c...
compiling stm32f10x_pwr.c...
compiling stm32f10x_rcc.c...
compiling stm32f10x_rtc.c...
compiling stm32f10x_sdio.c...
compiling stm32f10x_spi.c...
compiling stm32f10x_tim.c...
compiling stm32f10x_usart.c...
compiling stm32f10x_wwdg.c...
compiling main.c...
compiling stm32f10x_it.c...
compiling iso.c...
compiling sys.c...
compiling delay.c...
compiling usart.c...
compiling led.c...
compiling key.c...
compiling ili9806e.c...
linking...
..\..\Output\STM32_UART.axf: Error: L6218E: Undefined symbol LCD_DB_AS_OutPut (referred from ili9806e.o).
..\..\Output\STM32_UART.axf: Not enough information to list image symbols.
..\..\Output\STM32_UART.axf: Finished: 1 information, 0 warning and 1 error messages.
Target not created
Build target 'TEST_LED'
assembling startup_stm32f10x_hd.s...
compiling core_cm3.c...
compiling system_stm32f10x.c...
compiling misc.c...
compiling stm32f10x_adc.c...
compiling stm32f10x_bkp.c...
compiling stm32f10x_can.c...
compiling stm32f10x_cec.c...
compiling stm32f10x_crc.c...
compiling stm32f10x_dac.c...
compiling stm32f10x_dbgmcu.c...
compiling stm32f10x_dma.c...
compiling stm32f10x_exti.c...
compiling stm32f10x_flash.c...
compiling stm32f10x_fsmc.c...
compiling stm32f10x_gpio.c...
compiling stm32f10x_i2c.c...
compiling stm32f10x_iwdg.c...
compiling stm32f10x_pwr.c...
compiling stm32f10x_rcc.c...
compiling stm32f10x_rtc.c...
compiling stm32f10x_sdio.c...
compiling stm32f10x_spi.c...
compiling stm32f10x_tim.c...
compiling stm32f10x_usart.c...
compiling stm32f10x_wwdg.c...
compiling main.c...
compiling stm32f10x_it.c...
compiling iso.c...
compiling sys.c...
compiling delay.c...
compiling usart.c...
compiling led.c...
compiling key.c...
compiling ili9806e.c...
linking...
..\..\Output\STM32_UART.axf: Error: L6218E: Undefined symbol LCD_DB_AS_OutPut (referred from ili9806e.o).
..\..\Output\STM32_UART.axf: Not enough information to list image symbols.
..\..\Output\STM32_UART.axf: Finished: 1 information, 0 warning and 1 error messages.
Target not created
Build target 'TEST_LED'
assembling startup_stm32f10x_hd.s...
compiling core_cm3.c...
compiling system_stm32f10x.c...
compiling misc.c...
compiling stm32f10x_adc.c...
compiling stm32f10x_bkp.c...
compiling stm32f10x_can.c...
compiling stm32f10x_cec.c...
compiling stm32f10x_crc.c...
compiling stm32f10x_dac.c...
compiling stm32f10x_dbgmcu.c...
compiling stm32f10x_dma.c...
compiling stm32f10x_exti.c...
compiling stm32f10x_flash.c...
compiling stm32f10x_fsmc.c...
compiling stm32f10x_gpio.c...
compiling stm32f10x_i2c.c...
compiling stm32f10x_iwdg.c...
compiling stm32f10x_pwr.c...
compiling stm32f10x_rcc.c...
compiling stm32f10x_rtc.c...
compiling stm32f10x_sdio.c...
compiling stm32f10x_spi.c...
compiling stm32f10x_tim.c...
compiling stm32f10x_usart.c...
compiling stm32f10x_wwdg.c...
compiling main.c...
compiling stm32f10x_it.c...
compiling iso.c...
compiling sys.c...
compiling delay.c...
compiling usart.c...
compiling led.c...
compiling key.c...
compiling ili9806e.c...
linking...
Program Size: Code=2796 RO-data=336 RW-data=32 ZI-data=1224  
FromELF: creating hex file...
"..\..\Output\STM32_UART.axf" - 0 Error(s), 0 Warning(s).
Build target 'TEST_LED'
assembling startup_stm32f10x_hd.s...
compiling core_cm3.c...
compiling system_stm32f10x.c...
compiling misc.c...
compiling stm32f10x_adc.c...
compiling stm32f10x_bkp.c...
compiling stm32f10x_can.c...
compiling stm32f10x_cec.c...
compiling stm32f10x_crc.c...
compiling stm32f10x_dac.c...
compiling stm32f10x_dbgmcu.c...
compiling stm32f10x_dma.c...
compiling stm32f10x_exti.c...
compiling stm32f10x_flash.c...
compiling stm32f10x_fsmc.c...
compiling stm32f10x_gpio.c...
compiling stm32f10x_i2c.c...
compiling stm32f10x_iwdg.c...
compiling stm32f10x_pwr.c...
compiling stm32f10x_rcc.c...
compiling stm32f10x_rtc.c...
compiling stm32f10x_sdio.c...
compiling stm32f10x_spi.c...
compiling stm32f10x_tim.c...
compiling stm32f10x_usart.c...
compiling stm32f10x_wwdg.c...
compiling main.c...
compiling stm32f10x_it.c...
compiling iso.c...
compiling sys.c...
compiling delay.c...
compiling usart.c...
compiling led.c...
compiling key.c...
compiling ili9806e.c...
linking...
Program Size: Code=2796 RO-data=336 RW-data=32 ZI-data=1224  
FromELF: creating hex file...
"..\..\Output\STM32_UART.axf" - 0 Error(s), 0 Warning(s).
Build target 'TEST_LED'
assembling startup_stm32f10x_hd.s...
compiling core_cm3.c...
compiling system_stm32f10x.c...
compiling misc.c...
compiling stm32f10x_adc.c...
compiling stm32f10x_bkp.c...
compiling stm32f10x_can.c...
compiling stm32f10x_cec.c...
compiling stm32f10x_crc.c...
compiling stm32f10x_dac.c...
compiling stm32f10x_dbgmcu.c...
compiling stm32f10x_dma.c...
compiling stm32f10x_exti.c...
compiling stm32f10x_flash.c...
compiling stm32f10x_fsmc.c...
compiling stm32f10x_gpio.c...
compiling stm32f10x_i2c.c...
compiling stm32f10x_iwdg.c...
compiling stm32f10x_pwr.c...
compiling stm32f10x_rcc.c...
compiling stm32f10x_rtc.c...
compiling stm32f10x_sdio.c...
compiling stm32f10x_spi.c...
compiling stm32f10x_tim.c...
compiling stm32f10x_usart.c...
compiling stm32f10x_wwdg.c...
compiling main.c...
..\..\User\main.c(40): warning:  #223-D: function "ILI9806E_Initializtion" declared implicitly
..\..\User\main.c:       ILI9806E_Initializtion();
..\..\User\main.c:       ^
..\..\User\main.c(47): error:  #20: identifier "Lcd_Height" is undefined
..\..\User\main.c:              for (height = 0; height < Lcd_Height; height++)
..\..\User\main.c:                                        ^
..\..\User\main.c(49): warning:  #223-D: function "Lcd_Fill_Disp" declared implicitly
..\..\User\main.c:                        Lcd_Fill_Disp(Red_65k); 
..\..\User\main.c:                        ^
..\..\User\main.c(49): error:  #20: identifier "Red_65k" is undefined
..\..\User\main.c:                        Lcd_Fill_Disp(Red_65k); 
..\..\User\main.c:                                      ^
..\..\User\main.c: ..\..\User\main.c: 2 warnings, 2 errors
compiling stm32f10x_it.c...
compiling iso.c...
compiling sys.c...
compiling delay.c...
compiling usart.c...
compiling led.c...
compiling key.c...
compiling ili9806e.c...
Target not created
Build target 'TEST_LED'
assembling startup_stm32f10x_hd.s...
compiling core_cm3.c...
compiling system_stm32f10x.c...
compiling misc.c...
compiling stm32f10x_adc.c...
compiling stm32f10x_bkp.c...
compiling stm32f10x_can.c...
compiling stm32f10x_cec.c...
compiling stm32f10x_crc.c...
compiling stm32f10x_dac.c...
compiling stm32f10x_dbgmcu.c...
compiling stm32f10x_dma.c...
compiling stm32f10x_exti.c...
compiling stm32f10x_flash.c...
compiling stm32f10x_fsmc.c...
compiling stm32f10x_gpio.c...
compiling stm32f10x_i2c.c...
compiling stm32f10x_iwdg.c...
compiling stm32f10x_pwr.c...
compiling stm32f10x_rcc.c...
compiling stm32f10x_rtc.c...
compiling stm32f10x_sdio.c...
compiling stm32f10x_spi.c...
compiling stm32f10x_tim.c...
compiling stm32f10x_usart.c...
compiling stm32f10x_wwdg.c...
compiling main.c...
..\..\User\main.c(40): warning:  #223-D: function "ILI9806E_Initializtion" declared implicitly
..\..\User\main.c:       ILI9806E_Initializtion();
..\..\User\main.c:       ^
..\..\User\main.c(47): error:  #20: identifier "Lcd_Height" is undefined
..\..\User\main.c:              for (height = 0; height < Lcd_Height; height++)
..\..\User\main.c:                                        ^
..\..\User\main.c(49): warning:  #223-D: function "Lcd_Fill_Disp" declared implicitly
..\..\User\main.c:                        Lcd_Fill_Disp(Red_262k); 
..\..\User\main.c:                        ^
..\..\User\main.c(49): error:  #20: identifier "Red_262k" is undefined
..\..\User\main.c:                        Lcd_Fill_Disp(Red_262k); 
..\..\User\main.c:                                      ^
..\..\User\main.c: ..\..\User\main.c: 2 warnings, 2 errors
compiling stm32f10x_it.c...
compiling iso.c...
compiling sys.c...
compiling delay.c...
compiling usart.c...
compiling led.c...
compiling key.c...
compiling ili9806e.c...
Target not created
Build target 'TEST_LED'
assembling startup_stm32f10x_hd.s...
compiling core_cm3.c...
compiling system_stm32f10x.c...
compiling misc.c...
compiling stm32f10x_adc.c...
compiling stm32f10x_bkp.c...
compiling stm32f10x_can.c...
compiling stm32f10x_cec.c...
compiling stm32f10x_crc.c...
compiling stm32f10x_dac.c...
compiling stm32f10x_dbgmcu.c...
compiling stm32f10x_dma.c...
compiling stm32f10x_exti.c...
compiling stm32f10x_flash.c...
compiling stm32f10x_fsmc.c...
compiling stm32f10x_gpio.c...
compiling stm32f10x_i2c.c...
compiling stm32f10x_iwdg.c...
compiling stm32f10x_pwr.c...
compiling stm32f10x_rcc.c...
compiling stm32f10x_rtc.c...
compiling stm32f10x_sdio.c...
compiling stm32f10x_spi.c...
compiling stm32f10x_tim.c...
compiling stm32f10x_usart.c...
compiling stm32f10x_wwdg.c...
compiling main.c...
..\..\User\main.c(49): warning:  #69-D: integer conversion resulted in truncation
..\..\User\main.c:                        Lcd_Fill_Disp(Red_262k); 
..\..\User\main.c:                                      ^
..\..\User\main.c: ..\..\User\main.c: 1 warning, 0 errors
compiling stm32f10x_it.c...
compiling iso.c...
compiling sys.c...
compiling delay.c...
compiling usart.c...
compiling led.c...
compiling key.c...
compiling ili9806e.c...
linking...
Program Size: Code=5780 RO-data=336 RW-data=32 ZI-data=1224  
FromELF: creating hex file...
"..\..\Output\STM32_UART.axf" - 0 Error(s), 1 Warning(s).
Build target 'TEST_LED'
assembling startup_stm32f10x_hd.s...
compiling core_cm3.c...
compiling system_stm32f10x.c...
compiling misc.c...
compiling stm32f10x_adc.c...
compiling stm32f10x_bkp.c...
compiling stm32f10x_can.c...
compiling stm32f10x_cec.c...
compiling stm32f10x_crc.c...
compiling stm32f10x_dac.c...
compiling stm32f10x_dbgmcu.c...
compiling stm32f10x_dma.c...
compiling stm32f10x_exti.c...
compiling stm32f10x_flash.c...
compiling stm32f10x_fsmc.c...
compiling stm32f10x_gpio.c...
compiling stm32f10x_i2c.c...
compiling stm32f10x_iwdg.c...
compiling stm32f10x_pwr.c...
compiling stm32f10x_rcc.c...
compiling stm32f10x_rtc.c...
compiling stm32f10x_sdio.c...
compiling stm32f10x_spi.c...
compiling stm32f10x_tim.c...
compiling stm32f10x_usart.c...
compiling stm32f10x_wwdg.c...
compiling main.c...
..\..\User\main.c(49): warning:  #69-D: integer conversion resulted in truncation
..\..\User\main.c:                        Lcd_Fill_Disp(Red_262k); 
..\..\User\main.c:                                      ^
..\..\User\main.c: ..\..\User\main.c: 1 warning, 0 errors
compiling stm32f10x_it.c...
compiling iso.c...
compiling sys.c...
compiling delay.c...
compiling usart.c...
compiling led.c...
compiling key.c...
compiling ili9806e.c...
linking...
Program Size: Code=5780 RO-data=336 RW-data=32 ZI-data=1224  
FromELF: creating hex file...
"..\..\Output\STM32_UART.axf" - 0 Error(s), 1 Warning(s).
Build target 'TEST_LED'
assembling startup_stm32f10x_hd.s...
compiling core_cm3.c...
compiling system_stm32f10x.c...
compiling misc.c...
compiling stm32f10x_adc.c...
compiling stm32f10x_bkp.c...
compiling stm32f10x_can.c...
compiling stm32f10x_cec.c...
compiling stm32f10x_crc.c...
compiling stm32f10x_dac.c...
compiling stm32f10x_dbgmcu.c...
compiling stm32f10x_dma.c...
compiling stm32f10x_exti.c...
compiling stm32f10x_flash.c...
compiling stm32f10x_fsmc.c...
compiling stm32f10x_gpio.c...
compiling stm32f10x_i2c.c...
compiling stm32f10x_iwdg.c...
compiling stm32f10x_pwr.c...
compiling stm32f10x_rcc.c...
compiling stm32f10x_rtc.c...
compiling stm32f10x_sdio.c...
compiling stm32f10x_spi.c...
compiling stm32f10x_tim.c...
compiling stm32f10x_usart.c...
compiling stm32f10x_wwdg.c...
compiling main.c...
..\..\User\main.c(49): warning:  #69-D: integer conversion resulted in truncation
..\..\User\main.c:                        Lcd_Fill_Disp(Red_262k); 
..\..\User\main.c:                                      ^
..\..\User\main.c: ..\..\User\main.c: 1 warning, 0 errors
compiling stm32f10x_it.c...
compiling iso.c...
compiling sys.c...
compiling delay.c...
compiling usart.c...
compiling led.c...
compiling key.c...
compiling ili9806e.c...
linking...
Program Size: Code=5780 RO-data=336 RW-data=32 ZI-data=1224  
FromELF: creating hex file...
"..\..\Output\STM32_LCD.axf" - 0 Error(s), 1 Warning(s).
Build target 'TEST_LED'
assembling startup_stm32f10x_hd.s...
compiling core_cm3.c...
compiling system_stm32f10x.c...
compiling misc.c...
compiling stm32f10x_adc.c...
compiling stm32f10x_bkp.c...
compiling stm32f10x_can.c...
compiling stm32f10x_cec.c...
compiling stm32f10x_crc.c...
compiling stm32f10x_dac.c...
compiling stm32f10x_dbgmcu.c...
compiling stm32f10x_dma.c...
compiling stm32f10x_exti.c...
compiling stm32f10x_flash.c...
compiling stm32f10x_fsmc.c...
compiling stm32f10x_gpio.c...
compiling stm32f10x_i2c.c...
compiling stm32f10x_iwdg.c...
compiling stm32f10x_pwr.c...
compiling stm32f10x_rcc.c...
compiling stm32f10x_rtc.c...
compiling stm32f10x_sdio.c...
compiling stm32f10x_spi.c...
compiling stm32f10x_tim.c...
compiling stm32f10x_usart.c...
compiling stm32f10x_wwdg.c...
compiling main.c...
..\..\User\main.c(49): warning:  #69-D: integer conversion resulted in truncation
..\..\User\main.c:                        Lcd_Fill_Disp(Red_262k); 
..\..\User\main.c:                                      ^
..\..\User\main.c: ..\..\User\main.c: 1 warning, 0 errors
compiling stm32f10x_it.c...
compiling iso.c...
compiling sys.c...
compiling delay.c...
compiling usart.c...
compiling led.c...
compiling key.c...
compiling ili9806e.c...
linking...
Program Size: Code=5784 RO-data=336 RW-data=32 ZI-data=1224  
FromELF: creating hex file...
"..\..\Output\STM32_LCD.axf" - 0 Error(s), 1 Warning(s).
Build target 'TEST_LED'
assembling startup_stm32f10x_hd.s...
compiling core_cm3.c...
compiling system_stm32f10x.c...
compiling misc.c...
compiling stm32f10x_adc.c...
compiling stm32f10x_bkp.c...
compiling stm32f10x_can.c...
compiling stm32f10x_cec.c...
compiling stm32f10x_crc.c...
compiling stm32f10x_dac.c...
compiling stm32f10x_dbgmcu.c...
compiling stm32f10x_dma.c...
compiling stm32f10x_exti.c...
compiling stm32f10x_flash.c...
compiling stm32f10x_fsmc.c...
compiling stm32f10x_gpio.c...
compiling stm32f10x_i2c.c...
compiling stm32f10x_iwdg.c...
compiling stm32f10x_pwr.c...
compiling stm32f10x_rcc.c...
compiling stm32f10x_rtc.c...
compiling stm32f10x_sdio.c...
compiling stm32f10x_spi.c...
compiling stm32f10x_tim.c...
compiling stm32f10x_usart.c...
compiling stm32f10x_wwdg.c...
compiling main.c...
..\..\User\main.c(45): warning:  #69-D: integer conversion resulted in truncation
..\..\User\main.c:                        Lcd_Fill_Disp(Red_262k); 
..\..\User\main.c:                                      ^
..\..\User\main.c: ..\..\User\main.c: 1 warning, 0 errors
compiling stm32f10x_it.c...
compiling iso.c...
compiling sys.c...
compiling delay.c...
compiling usart.c...
compiling led.c...
compiling key.c...
compiling ili9806e.c...
linking...
Program Size: Code=5716 RO-data=336 RW-data=32 ZI-data=1224  
FromELF: creating hex file...
"..\..\Output\STM32_LCD.axf" - 0 Error(s), 1 Warning(s).
