<html>
<body>
<pre>
<h1>µVision Build Log</h1>
<h2>Project:</h2>
D:\Git\gitsub\stm32\LCD -f103\Project\RVMDK£¨uv4£©\iSO-STM32.uvproj
Project File Date:  08/28/2015

<h2>Output:</h2>
Build target 'TEST_LED'
assembling startup_stm32f10x_hd.s...
compiling core_cm3.c...
compiling system_stm32f10x.c...
compiling misc.c...
compiling stm32f10x_adc.c...
compiling stm32f10x_bkp.c...
compiling stm32f10x_can.c...
compiling stm32f10x_cec.c...
compiling stm32f10x_crc.c...
compiling stm32f10x_dac.c...
compiling stm32f10x_dbgmcu.c...
compiling stm32f10x_dma.c...
compiling stm32f10x_exti.c...
compiling stm32f10x_flash.c...
compiling stm32f10x_fsmc.c...
compiling stm32f10x_gpio.c...
compiling stm32f10x_i2c.c...
compiling stm32f10x_iwdg.c...
compiling stm32f10x_pwr.c...
compiling stm32f10x_rcc.c...
compiling stm32f10x_rtc.c...
compiling stm32f10x_sdio.c...
compiling stm32f10x_spi.c...
compiling stm32f10x_tim.c...
compiling stm32f10x_usart.c...
compiling stm32f10x_wwdg.c...
compiling main.c...
compiling stm32f10x_it.c...
compiling iso.c...
compiling sys.c...
compiling delay.c...
compiling usart.c...
compiling led.c...
compiling key.c...
compiling ili9806e.c...
compiling ssd1963_driver.c...
..\..\HardWare\ssd1963_driver.c(160): warning:  #223-D: function "printf" declared implicitly
..\..\HardWare\ssd1963_driver.c:        printf("Set PLL MN Success \n");
..\..\HardWare\ssd1963_driver.c:        ^
..\..\HardWare\ssd1963_driver.c(196): error:  #167: argument of type "u8 *" is incompatible with parameter of type "u16 *"
..\..\HardWare\ssd1963_driver.c:        LCD_SSD1963_read_parameter(&read_temp);
..\..\HardWare\ssd1963_driver.c:                                   ^
..\..\HardWare\ssd1963_driver.c(198): error:  #167: argument of type "u8 *" is incompatible with parameter of type "u16 *"
..\..\HardWare\ssd1963_driver.c:        LCD_SSD1963_read_parameter(&read_temp);
..\..\HardWare\ssd1963_driver.c:                                   ^
..\..\HardWare\ssd1963_driver.c(200): error:  #167: argument of type "u8 *" is incompatible with parameter of type "u16 *"
..\..\HardWare\ssd1963_driver.c:        LCD_SSD1963_read_parameter(&read_temp);
..\..\HardWare\ssd1963_driver.c:                                   ^
..\..\HardWare\ssd1963_driver.c(202): error:  #167: argument of type "u8 *" is incompatible with parameter of type "u16 *"
..\..\HardWare\ssd1963_driver.c:        LCD_SSD1963_read_parameter(&read_temp);
..\..\HardWare\ssd1963_driver.c:                                   ^
..\..\HardWare\ssd1963_driver.c(204): error:  #167: argument of type "u8 *" is incompatible with parameter of type "u16 *"
..\..\HardWare\ssd1963_driver.c:        LCD_SSD1963_read_parameter(&read_temp);
..\..\HardWare\ssd1963_driver.c:                                   ^
..\..\HardWare\ssd1963_driver.c(206): error:  #167: argument of type "u8 *" is incompatible with parameter of type "u16 *"
..\..\HardWare\ssd1963_driver.c:        LCD_SSD1963_read_parameter(&read_temp);
..\..\HardWare\ssd1963_driver.c:                                   ^
..\..\HardWare\ssd1963_driver.c(208): error:  #167: argument of type "u8 *" is incompatible with parameter of type "u16 *"
..\..\HardWare\ssd1963_driver.c:        LCD_SSD1963_read_parameter(&read_temp);
..\..\HardWare\ssd1963_driver.c:                                   ^
..\..\HardWare\ssd1963_driver.c: ..\..\HardWare\ssd1963_driver.c: 1 warning, 7 errors
Target not created
Build target 'TEST_LED'
assembling startup_stm32f10x_hd.s...
compiling core_cm3.c...
compiling system_stm32f10x.c...
compiling misc.c...
compiling stm32f10x_adc.c...
compiling stm32f10x_bkp.c...
compiling stm32f10x_can.c...
Project build/rebuild aborted.
Target not created
Build target 'TEST_LED'
assembling startup_stm32f10x_hd.s...
compiling core_cm3.c...
compiling system_stm32f10x.c...
compiling misc.c...
compiling stm32f10x_adc.c...
compiling stm32f10x_bkp.c...
compiling stm32f10x_can.c...
compiling stm32f10x_cec.c...
compiling stm32f10x_crc.c...
compiling stm32f10x_dac.c...
compiling stm32f10x_dbgmcu.c...
compiling stm32f10x_dma.c...
compiling stm32f10x_exti.c...
compiling stm32f10x_flash.c...
compiling stm32f10x_fsmc.c...
compiling stm32f10x_gpio.c...
compiling stm32f10x_i2c.c...
compiling stm32f10x_iwdg.c...
compiling stm32f10x_pwr.c...
compiling stm32f10x_rcc.c...
compiling stm32f10x_rtc.c...
compiling stm32f10x_sdio.c...
compiling stm32f10x_spi.c...
compiling stm32f10x_tim.c...
compiling stm32f10x_usart.c...
compiling stm32f10x_wwdg.c...
compiling main.c...
compiling stm32f10x_it.c...
compiling iso.c...
compiling sys.c...
compiling delay.c...
compiling usart.c...
compiling led.c...
compiling key.c...
compiling ili9806e.c...
compiling ssd1963_driver.c...
linking...
Program Size: Code=6040 RO-data=336 RW-data=32 ZI-data=1224  
FromELF: creating hex file...
"..\..\Output\STM32_LCD.axf" - 0 Error(s), 0 Warning(s).
Build target 'TEST_LED'
assembling startup_stm32f10x_hd.s...
compiling core_cm3.c...
compiling system_stm32f10x.c...
compiling misc.c...
compiling stm32f10x_adc.c...
compiling stm32f10x_bkp.c...
compiling stm32f10x_can.c...
compiling stm32f10x_cec.c...
compiling stm32f10x_crc.c...
compiling stm32f10x_dac.c...
compiling stm32f10x_dbgmcu.c...
compiling stm32f10x_dma.c...
compiling stm32f10x_exti.c...
compiling stm32f10x_flash.c...
compiling stm32f10x_fsmc.c...
compiling stm32f10x_gpio.c...
compiling stm32f10x_i2c.c...
compiling stm32f10x_iwdg.c...
compiling stm32f10x_pwr.c...
compiling stm32f10x_rcc.c...
compiling stm32f10x_rtc.c...
compiling stm32f10x_sdio.c...
compiling stm32f10x_spi.c...
compiling stm32f10x_tim.c...
compiling stm32f10x_usart.c...
compiling stm32f10x_wwdg.c...
compiling main.c...
..\..\User\main.c(53): warning:  #223-D: function "LCD_SSD163_clear" declared implicitly
..\..\User\main.c:              LCD_SSD163_clear(GREEN);
..\..\User\main.c:              ^
..\..\User\main.c: ..\..\User\main.c: 1 warning, 0 errors
compiling stm32f10x_it.c...
compiling iso.c...
compiling sys.c...
compiling delay.c...
compiling usart.c...
compiling led.c...
compiling key.c...
compiling ili9806e.c...
compiling ssd1963_driver.c...
linking...
..\..\Output\STM32_LCD.axf: Error: L6218E: Undefined symbol LCD_SSD163_clear (referred from main.o).
..\..\Output\STM32_LCD.axf: Not enough information to list image symbols.
..\..\Output\STM32_LCD.axf: Finished: 1 information, 0 warning and 1 error messages.
Target not created
Build target 'TEST_LED'
assembling startup_stm32f10x_hd.s...
compiling core_cm3.c...
compiling system_stm32f10x.c...
compiling misc.c...
compiling stm32f10x_adc.c...
compiling stm32f10x_bkp.c...
compiling stm32f10x_can.c...
compiling stm32f10x_cec.c...
compiling stm32f10x_crc.c...
compiling stm32f10x_dac.c...
compiling stm32f10x_dbgmcu.c...
compiling stm32f10x_dma.c...
compiling stm32f10x_exti.c...
compiling stm32f10x_flash.c...
compiling stm32f10x_fsmc.c...
compiling stm32f10x_gpio.c...
compiling stm32f10x_i2c.c...
compiling stm32f10x_iwdg.c...
compiling stm32f10x_pwr.c...
compiling stm32f10x_rcc.c...
compiling stm32f10x_rtc.c...
compiling stm32f10x_sdio.c...
compiling stm32f10x_spi.c...
compiling stm32f10x_tim.c...
compiling stm32f10x_usart.c...
compiling stm32f10x_wwdg.c...
compiling main.c...
compiling stm32f10x_it.c...
compiling iso.c...
compiling sys.c...
compiling delay.c...
compiling usart.c...
compiling led.c...
compiling key.c...
compiling ili9806e.c...
compiling ssd1963_driver.c...
linking...
Program Size: Code=6080 RO-data=336 RW-data=32 ZI-data=1224  
FromELF: creating hex file...
"..\..\Output\STM32_LCD.axf" - 0 Error(s), 0 Warning(s).
Build target 'TEST_LED'
assembling startup_stm32f10x_hd.s...
compiling core_cm3.c...
compiling system_stm32f10x.c...
compiling misc.c...
compiling stm32f10x_adc.c...
compiling stm32f10x_bkp.c...
compiling stm32f10x_can.c...
compiling stm32f10x_cec.c...
compiling stm32f10x_crc.c...
compiling stm32f10x_dac.c...
compiling stm32f10x_dbgmcu.c...
compiling stm32f10x_dma.c...
compiling stm32f10x_exti.c...
compiling stm32f10x_flash.c...
compiling stm32f10x_fsmc.c...
compiling stm32f10x_gpio.c...
compiling stm32f10x_i2c.c...
compiling stm32f10x_iwdg.c...
compiling stm32f10x_pwr.c...
compiling stm32f10x_rcc.c...
compiling stm32f10x_rtc.c...
compiling stm32f10x_sdio.c...
compiling stm32f10x_spi.c...
compiling stm32f10x_tim.c...
compiling stm32f10x_usart.c...
compiling stm32f10x_wwdg.c...
compiling main.c...
..\..\User\main.c(54): error:  #167: argument of type "void" is incompatible with parameter of type "u16"
..\..\User\main.c:              delay_ms(               LCD_SSD1963_clear(YELLOW);
..\..\User\main.c:                                      ^
..\..\User\main.c(54): error:  #18: expected a ")"
..\..\User\main.c:              delay_ms(               LCD_SSD1963_clear(YELLOW);
..\..\User\main.c:                                                               ^
..\..\User\main.c: ..\..\User\main.c: 0 warnings, 2 errors
compiling stm32f10x_it.c...
compiling iso.c...
compiling sys.c...
compiling delay.c...
compiling usart.c...
compiling led.c...
compiling key.c...
compiling ili9806e.c...
compiling ssd1963_driver.c...
..\..\HardWare\ssd1963_driver.c(28): error:  #79: expected a type specifier
..\..\HardWare\ssd1963_driver.c:   }            LCD_CS_H
..\..\HardWare\ssd1963_driver.c:                ^
..\..\HardWare\ssd1963_driver.c(28): error:  #79: expected a type specifier
..\..\HardWare\ssd1963_driver.c:   }            LCD_CS_H
..\..\HardWare\ssd1963_driver.c:                ^
..\..\HardWare\ssd1963_driver.c(28): warning:  #77-D: this declaration has no storage class or type specifier
..\..\HardWare\ssd1963_driver.c:   }            LCD_CS_H
..\..\HardWare\ssd1963_driver.c:                ^
..\..\HardWare\ssd1963_driver.c(28): error:  #147: declaration is incompatible with "void GPIO_SetBits(GPIO_TypeDef *, uint16_t)" (declared at line 357 of "..\..\Libraries\FWlib\inc\stm32f10x_gpio.h")
..\..\HardWare\ssd1963_driver.c:   }            LCD_CS_H
..\..\HardWare\ssd1963_driver.c:                ^
..\..\HardWare\ssd1963_driver.c: ..\..\HardWare\ssd1963_driver.c: 1 warning, 3 errors
Target not created
Build target 'TEST_LED'
assembling startup_stm32f10x_hd.s...
compiling core_cm3.c...
compiling system_stm32f10x.c...
compiling misc.c...
compiling stm32f10x_adc.c...
compiling stm32f10x_bkp.c...
compiling stm32f10x_can.c...
compiling stm32f10x_cec.c...
compiling stm32f10x_crc.c...
compiling stm32f10x_dac.c...
compiling stm32f10x_dbgmcu.c...
compiling stm32f10x_dma.c...
compiling stm32f10x_exti.c...
compiling stm32f10x_flash.c...
compiling stm32f10x_fsmc.c...
compiling stm32f10x_gpio.c...
compiling stm32f10x_i2c.c...
compiling stm32f10x_iwdg.c...
compiling stm32f10x_pwr.c...
compiling stm32f10x_rcc.c...
compiling stm32f10x_rtc.c...
compiling stm32f10x_sdio.c...
compiling stm32f10x_spi.c...
compiling stm32f10x_tim.c...
compiling stm32f10x_usart.c...
compiling stm32f10x_wwdg.c...
compiling main.c...
compiling stm32f10x_it.c...
compiling iso.c...
compiling sys.c...
compiling delay.c...
compiling usart.c...
compiling led.c...
compiling key.c...
compiling ili9806e.c...
compiling ssd1963_driver.c...
..\..\HardWare\ssd1963_driver.c(28): error:  #79: expected a type specifier
..\..\HardWare\ssd1963_driver.c:   }            LCD_CS_H
..\..\HardWare\ssd1963_driver.c:                ^
..\..\HardWare\ssd1963_driver.c(28): error:  #79: expected a type specifier
..\..\HardWare\ssd1963_driver.c:   }            LCD_CS_H
..\..\HardWare\ssd1963_driver.c:                ^
..\..\HardWare\ssd1963_driver.c(28): warning:  #77-D: this declaration has no storage class or type specifier
..\..\HardWare\ssd1963_driver.c:   }            LCD_CS_H
..\..\HardWare\ssd1963_driver.c:                ^
..\..\HardWare\ssd1963_driver.c(28): error:  #147: declaration is incompatible with "void GPIO_SetBits(GPIO_TypeDef *, uint16_t)" (declared at line 357 of "..\..\Libraries\FWlib\inc\stm32f10x_gpio.h")
..\..\HardWare\ssd1963_driver.c:   }            LCD_CS_H
..\..\HardWare\ssd1963_driver.c:                ^
..\..\HardWare\ssd1963_driver.c: ..\..\HardWare\ssd1963_driver.c: 1 warning, 3 errors
Target not created
Build target 'TEST_LED'
assembling startup_stm32f10x_hd.s...
compiling core_cm3.c...
compiling system_stm32f10x.c...
compiling misc.c...
compiling stm32f10x_adc.c...
compiling stm32f10x_bkp.c...
compiling stm32f10x_can.c...
compiling stm32f10x_cec.c...
compiling stm32f10x_crc.c...
compiling stm32f10x_dac.c...
compiling stm32f10x_dbgmcu.c...
compiling stm32f10x_dma.c...
compiling stm32f10x_exti.c...
compiling stm32f10x_flash.c...
compiling stm32f10x_fsmc.c...
compiling stm32f10x_gpio.c...
compiling stm32f10x_i2c.c...
compiling stm32f10x_iwdg.c...
compiling stm32f10x_pwr.c...
compiling stm32f10x_rcc.c...
compiling stm32f10x_rtc.c...
compiling stm32f10x_sdio.c...
compiling stm32f10x_spi.c...
compiling stm32f10x_tim.c...
compiling stm32f10x_usart.c...
compiling stm32f10x_wwdg.c...
compiling main.c...
compiling stm32f10x_it.c...
compiling iso.c...
compiling sys.c...
compiling delay.c...
compiling usart.c...
compiling led.c...
compiling key.c...
compiling ili9806e.c...
compiling ssd1963_driver.c...
..\..\HardWare\ssd1963_driver.c(28): error:  #79: expected a type specifier
..\..\HardWare\ssd1963_driver.c:   }            LCD_CS_H
..\..\HardWare\ssd1963_driver.c:                ^
..\..\HardWare\ssd1963_driver.c(28): error:  #79: expected a type specifier
..\..\HardWare\ssd1963_driver.c:   }            LCD_CS_H
..\..\HardWare\ssd1963_driver.c:                ^
..\..\HardWare\ssd1963_driver.c(28): warning:  #77-D: this declaration has no storage class or type specifier
..\..\HardWare\ssd1963_driver.c:   }            LCD_CS_H
..\..\HardWare\ssd1963_driver.c:                ^
..\..\HardWare\ssd1963_driver.c(28): error:  #147: declaration is incompatible with "void GPIO_SetBits(GPIO_TypeDef *, uint16_t)" (declared at line 357 of "..\..\Libraries\FWlib\inc\stm32f10x_gpio.h")
..\..\HardWare\ssd1963_driver.c:   }            LCD_CS_H
..\..\HardWare\ssd1963_driver.c:                ^
..\..\HardWare\ssd1963_driver.c: ..\..\HardWare\ssd1963_driver.c: 1 warning, 3 errors
Target not created
Build target 'TEST_LED'
assembling startup_stm32f10x_hd.s...
compiling core_cm3.c...
compiling system_stm32f10x.c...
compiling misc.c...
compiling stm32f10x_adc.c...
compiling stm32f10x_bkp.c...
compiling stm32f10x_can.c...
compiling stm32f10x_cec.c...
compiling stm32f10x_crc.c...
compiling stm32f10x_dac.c...
compiling stm32f10x_dbgmcu.c...
compiling stm32f10x_dma.c...
compiling stm32f10x_exti.c...
compiling stm32f10x_flash.c...
compiling stm32f10x_fsmc.c...
compiling stm32f10x_gpio.c...
compiling stm32f10x_i2c.c...
compiling stm32f10x_iwdg.c...
compiling stm32f10x_pwr.c...
compiling stm32f10x_rcc.c...
compiling stm32f10x_rtc.c...
compiling stm32f10x_sdio.c...
compiling stm32f10x_spi.c...
compiling stm32f10x_tim.c...
compiling stm32f10x_usart.c...
compiling stm32f10x_wwdg.c...
compiling main.c...
compiling stm32f10x_it.c...
compiling iso.c...
compiling sys.c...
compiling delay.c...
compiling usart.c...
compiling led.c...
compiling key.c...
compiling ili9806e.c...
compiling ssd1963_driver.c...
linking...
Program Size: Code=6208 RO-data=336 RW-data=32 ZI-data=1224  
FromELF: creating hex file...
"..\..\Output\STM32_LCD.axf" - 0 Error(s), 0 Warning(s).
Build target 'TEST_LED'
assembling startup_stm32f10x_hd.s...
compiling core_cm3.c...
compiling system_stm32f10x.c...
compiling misc.c...
compiling stm32f10x_adc.c...
compiling stm32f10x_bkp.c...
compiling stm32f10x_can.c...
compiling stm32f10x_cec.c...
compiling stm32f10x_crc.c...
compiling stm32f10x_dac.c...
compiling stm32f10x_dbgmcu.c...
compiling stm32f10x_dma.c...
compiling stm32f10x_exti.c...
compiling stm32f10x_flash.c...
compiling stm32f10x_fsmc.c...
compiling stm32f10x_gpio.c...
compiling stm32f10x_i2c.c...
compiling stm32f10x_iwdg.c...
compiling stm32f10x_pwr.c...
compiling stm32f10x_rcc.c...
compiling stm32f10x_rtc.c...
compiling stm32f10x_sdio.c...
compiling stm32f10x_spi.c...
compiling stm32f10x_tim.c...
compiling stm32f10x_usart.c...
compiling stm32f10x_wwdg.c...
compiling main.c...
compiling stm32f10x_it.c...
compiling iso.c...
compiling sys.c...
compiling delay.c...
compiling usart.c...
compiling led.c...
compiling key.c...
compiling ili9806e.c...
compiling ssd1963_driver.c...
linking...
Program Size: Code=6208 RO-data=336 RW-data=32 ZI-data=1224  
FromELF: creating hex file...
"..\..\Output\STM32_LCD.axf" - 0 Error(s), 0 Warning(s).
Build target 'TEST_LED'
assembling startup_stm32f10x_hd.s...
compiling core_cm3.c...
compiling system_stm32f10x.c...
compiling misc.c...
compiling stm32f10x_adc.c...
compiling stm32f10x_bkp.c...
compiling stm32f10x_can.c...
compiling stm32f10x_cec.c...
compiling stm32f10x_crc.c...
compiling stm32f10x_dac.c...
compiling stm32f10x_dbgmcu.c...
compiling stm32f10x_dma.c...
compiling stm32f10x_exti.c...
compiling stm32f10x_flash.c...
compiling stm32f10x_fsmc.c...
compiling stm32f10x_gpio.c...
compiling stm32f10x_i2c.c...
compiling stm32f10x_iwdg.c...
compiling stm32f10x_pwr.c...
compiling stm32f10x_rcc.c...
compiling stm32f10x_rtc.c...
compiling stm32f10x_sdio.c...
compiling stm32f10x_spi.c...
compiling stm32f10x_tim.c...
compiling stm32f10x_usart.c...
compiling stm32f10x_wwdg.c...
compiling main.c...
compiling stm32f10x_it.c...
compiling iso.c...
compiling sys.c...
compiling delay.c...
compiling usart.c...
compiling led.c...
compiling key.c...
compiling ili9806e.c...
compiling ssd1963_driver.c...
linking...
Program Size: Code=6208 RO-data=336 RW-data=32 ZI-data=1224  
FromELF: creating hex file...
"..\..\Output\STM32_LCD.axf" - 0 Error(s), 0 Warning(s).
Build target 'TEST_LED'
assembling startup_stm32f10x_hd.s...
compiling core_cm3.c...
compiling system_stm32f10x.c...
compiling misc.c...
compiling stm32f10x_adc.c...
compiling stm32f10x_bkp.c...
compiling stm32f10x_can.c...
compiling stm32f10x_cec.c...
compiling stm32f10x_crc.c...
compiling stm32f10x_dac.c...
compiling stm32f10x_dbgmcu.c...
compiling stm32f10x_dma.c...
compiling stm32f10x_exti.c...
compiling stm32f10x_flash.c...
compiling stm32f10x_fsmc.c...
compiling stm32f10x_gpio.c...
compiling stm32f10x_i2c.c...
compiling stm32f10x_iwdg.c...
compiling stm32f10x_pwr.c...
compiling stm32f10x_rcc.c...
compiling stm32f10x_rtc.c...
compiling stm32f10x_sdio.c...
compiling stm32f10x_spi.c...
compiling stm32f10x_tim.c...
compiling stm32f10x_usart.c...
compiling stm32f10x_wwdg.c...
compiling main.c...
compiling stm32f10x_it.c...
compiling iso.c...
compiling sys.c...
compiling delay.c...
compiling usart.c...
compiling led.c...
compiling key.c...
compiling ili9806e.c...
compiling ssd1963_driver.c...
linking...
Program Size: Code=6160 RO-data=336 RW-data=32 ZI-data=1224  
FromELF: creating hex file...
"..\..\Output\STM32_LCD.axf" - 0 Error(s), 0 Warning(s).
Build target 'TEST_LED'
assembling startup_stm32f10x_hd.s...
compiling core_cm3.c...
compiling system_stm32f10x.c...
compiling misc.c...
compiling stm32f10x_adc.c...
compiling stm32f10x_bkp.c...
compiling stm32f10x_can.c...
compiling stm32f10x_cec.c...
compiling stm32f10x_crc.c...
compiling stm32f10x_dac.c...
compiling stm32f10x_dbgmcu.c...
compiling stm32f10x_dma.c...
compiling stm32f10x_exti.c...
compiling stm32f10x_flash.c...
compiling stm32f10x_fsmc.c...
compiling stm32f10x_gpio.c...
compiling stm32f10x_i2c.c...
compiling stm32f10x_iwdg.c...
compiling stm32f10x_pwr.c...
compiling stm32f10x_rcc.c...
compiling stm32f10x_rtc.c...
compiling stm32f10x_sdio.c...
compiling stm32f10x_spi.c...
compiling stm32f10x_tim.c...
compiling stm32f10x_usart.c...
compiling stm32f10x_wwdg.c...
compiling main.c...
compiling stm32f10x_it.c...
compiling iso.c...
compiling sys.c...
compiling delay.c...
compiling usart.c...
compiling led.c...
compiling key.c...
compiling ili9806e.c...
compiling ssd1963_driver.c...
linking...
Program Size: Code=6148 RO-data=336 RW-data=32 ZI-data=1224  
FromELF: creating hex file...
"..\..\Output\STM32_LCD.axf" - 0 Error(s), 0 Warning(s).
Build target 'TEST_LED'
assembling startup_stm32f10x_hd.s...
compiling core_cm3.c...
compiling system_stm32f10x.c...
compiling misc.c...
compiling stm32f10x_adc.c...
compiling stm32f10x_bkp.c...
compiling stm32f10x_can.c...
compiling stm32f10x_cec.c...
compiling stm32f10x_crc.c...
compiling stm32f10x_dac.c...
compiling stm32f10x_dbgmcu.c...
compiling stm32f10x_dma.c...
compiling stm32f10x_exti.c...
compiling stm32f10x_flash.c...
compiling stm32f10x_fsmc.c...
compiling stm32f10x_gpio.c...
compiling stm32f10x_i2c.c...
compiling stm32f10x_iwdg.c...
compiling stm32f10x_pwr.c...
compiling stm32f10x_rcc.c...
compiling stm32f10x_rtc.c...
compiling stm32f10x_sdio.c...
compiling stm32f10x_spi.c...
compiling stm32f10x_tim.c...
compiling stm32f10x_usart.c...
compiling stm32f10x_wwdg.c...
compiling main.c...
compiling stm32f10x_it.c...
compiling iso.c...
compiling sys.c...
compiling delay.c...
compiling usart.c...
compiling led.c...
compiling key.c...
compiling ili9806e.c...
compiling ssd1963_driver.c...
linking...
Program Size: Code=6156 RO-data=336 RW-data=32 ZI-data=1224  
FromELF: creating hex file...
"..\..\Output\STM32_LCD.axf" - 0 Error(s), 0 Warning(s).
Build target 'TEST_LED'
assembling startup_stm32f10x_hd.s...
compiling core_cm3.c...
compiling system_stm32f10x.c...
compiling misc.c...
compiling stm32f10x_adc.c...
compiling stm32f10x_bkp.c...
compiling stm32f10x_can.c...
compiling stm32f10x_cec.c...
compiling stm32f10x_crc.c...
compiling stm32f10x_dac.c...
compiling stm32f10x_dbgmcu.c...
compiling stm32f10x_dma.c...
compiling stm32f10x_exti.c...
compiling stm32f10x_flash.c...
compiling stm32f10x_fsmc.c...
compiling stm32f10x_gpio.c...
compiling stm32f10x_i2c.c...
compiling stm32f10x_iwdg.c...
compiling stm32f10x_pwr.c...
compiling stm32f10x_rcc.c...
compiling stm32f10x_rtc.c...
compiling stm32f10x_sdio.c...
compiling stm32f10x_spi.c...
compiling stm32f10x_tim.c...
compiling stm32f10x_usart.c...
compiling stm32f10x_wwdg.c...
compiling main.c...
compiling stm32f10x_it.c...
compiling iso.c...
compiling sys.c...
compiling delay.c...
compiling usart.c...
compiling led.c...
compiling key.c...
compiling ili9806e.c...
compiling ssd1963_driver.c...
linking...
Program Size: Code=6156 RO-data=336 RW-data=32 ZI-data=1224  
FromELF: creating hex file...
"..\..\Output\STM32_LCD.axf" - 0 Error(s), 0 Warning(s).
Build target 'TEST_LED'
assembling startup_stm32f10x_hd.s...
compiling core_cm3.c...
compiling system_stm32f10x.c...
compiling misc.c...
compiling stm32f10x_adc.c...
compiling stm32f10x_bkp.c...
compiling stm32f10x_can.c...
compiling stm32f10x_cec.c...
compiling stm32f10x_crc.c...
compiling stm32f10x_dac.c...
compiling stm32f10x_dbgmcu.c...
compiling stm32f10x_dma.c...
compiling stm32f10x_exti.c...
compiling stm32f10x_flash.c...
compiling stm32f10x_fsmc.c...
compiling stm32f10x_gpio.c...
compiling stm32f10x_i2c.c...
compiling stm32f10x_iwdg.c...
compiling stm32f10x_pwr.c...
compiling stm32f10x_rcc.c...
compiling stm32f10x_rtc.c...
compiling stm32f10x_sdio.c...
compiling stm32f10x_spi.c...
compiling stm32f10x_tim.c...
compiling stm32f10x_usart.c...
compiling stm32f10x_wwdg.c...
compiling main.c...
compiling stm32f10x_it.c...
compiling iso.c...
compiling sys.c...
compiling delay.c...
compiling usart.c...
compiling led.c...
compiling key.c...
compiling ili9806e.c...
compiling ssd1963_driver.c...
linking...
Program Size: Code=6156 RO-data=336 RW-data=32 ZI-data=1224  
FromELF: creating hex file...
"..\..\Output\STM32_LCD.axf" - 0 Error(s), 0 Warning(s).
Build target 'TEST_LED'
assembling startup_stm32f10x_hd.s...
compiling core_cm3.c...
compiling system_stm32f10x.c...
compiling misc.c...
compiling stm32f10x_adc.c...
compiling stm32f10x_bkp.c...
compiling stm32f10x_can.c...
compiling stm32f10x_cec.c...
compiling stm32f10x_crc.c...
compiling stm32f10x_dac.c...
compiling stm32f10x_dbgmcu.c...
compiling stm32f10x_dma.c...
compiling stm32f10x_exti.c...
compiling stm32f10x_flash.c...
compiling stm32f10x_fsmc.c...
compiling stm32f10x_gpio.c...
compiling stm32f10x_i2c.c...
compiling stm32f10x_iwdg.c...
compiling stm32f10x_pwr.c...
compiling stm32f10x_rcc.c...
compiling stm32f10x_rtc.c...
compiling stm32f10x_sdio.c...
compiling stm32f10x_spi.c...
compiling stm32f10x_tim.c...
compiling stm32f10x_usart.c...
compiling stm32f10x_wwdg.c...
compiling main.c...
compiling stm32f10x_it.c...
compiling iso.c...
compiling sys.c...
compiling delay.c...
compiling usart.c...
compiling led.c...
compiling key.c...
compiling ili9806e.c...
compiling ssd1963_driver.c...
linking...
Program Size: Code=6156 RO-data=336 RW-data=32 ZI-data=1224  
FromELF: creating hex file...
"..\..\Output\STM32_LCD.axf" - 0 Error(s), 0 Warning(s).
