<html>
<body>
<pre>
<h1>µVision Build Log</h1>
<h2>Project:</h2>
D:\Git\gitsub\stm32\LCD -f103\Project\RVMDK£¨uv4£©\iSO-STM32.uvproj
Project File Date:  08/25/2015

<h2>Output:</h2>
Build target 'TEST_LED'
assembling startup_stm32f10x_hd.s...
compiling core_cm3.c...
compiling system_stm32f10x.c...
compiling misc.c...
compiling stm32f10x_adc.c...
compiling stm32f10x_bkp.c...
compiling stm32f10x_can.c...
compiling stm32f10x_cec.c...
compiling stm32f10x_crc.c...
compiling stm32f10x_dac.c...
compiling stm32f10x_dbgmcu.c...
compiling stm32f10x_dma.c...
compiling stm32f10x_exti.c...
compiling stm32f10x_flash.c...
compiling stm32f10x_fsmc.c...
compiling stm32f10x_gpio.c...
compiling stm32f10x_i2c.c...
compiling stm32f10x_iwdg.c...
compiling stm32f10x_pwr.c...
compiling stm32f10x_rcc.c...
compiling stm32f10x_rtc.c...
compiling stm32f10x_sdio.c...
compiling stm32f10x_spi.c...
compiling stm32f10x_tim.c...
compiling stm32f10x_usart.c...
compiling stm32f10x_wwdg.c...
compiling main.c...
..\..\User\main.c(43): error:  #20: identifier "Lcd_Height" is undefined
..\..\User\main.c:              for (height = 0; height < Lcd_Height; height++)
..\..\User\main.c:                                        ^
..\..\User\main.c(45): warning:  #223-D: function "Lcd_Fill_Disp" declared implicitly
..\..\User\main.c:                        Lcd_Fill_Disp(Red_262k); 
..\..\User\main.c:                        ^
..\..\User\main.c(45): error:  #20: identifier "Red_262k" is undefined
..\..\User\main.c:                        Lcd_Fill_Disp(Red_262k); 
..\..\User\main.c:                                      ^
..\..\User\main.c: ..\..\User\main.c: 1 warning, 2 errors
compiling stm32f10x_it.c...
compiling iso.c...
compiling sys.c...
compiling delay.c...
compiling usart.c...
compiling led.c...
compiling key.c...
compiling ili9806e.c...
..\..\HardWare\ili9806e.c(61): error:  #20: identifier "LCD_Pin_DE" is undefined
..\..\HardWare\ili9806e.c:      GPIO_InitStructure.GPIO_Pin = LCD_Pin_CS | LCD_Pin_RES | LCD_Pin_DE | LCD_Pin_HSYNC | LCD_Pin_VSYNC | LCD_Pin_DCLK;
..\..\HardWare\ili9806e.c:                                                               ^
..\..\HardWare\ili9806e.c(61): error:  #20: identifier "LCD_Pin_HSYNC" is undefined
..\..\HardWare\ili9806e.c:      GPIO_InitStructure.GPIO_Pin = LCD_Pin_CS | LCD_Pin_RES | LCD_Pin_DE | LCD_Pin_HSYNC | LCD_Pin_VSYNC | LCD_Pin_DCLK;
..\..\HardWare\ili9806e.c:                                                                            ^
..\..\HardWare\ili9806e.c(61): error:  #20: identifier "LCD_Pin_VSYNC" is undefined
..\..\HardWare\ili9806e.c:      GPIO_InitStructure.GPIO_Pin = LCD_Pin_CS | LCD_Pin_RES | LCD_Pin_DE | LCD_Pin_HSYNC | LCD_Pin_VSYNC | LCD_Pin_DCLK;
..\..\HardWare\ili9806e.c:                                                                                            ^
..\..\HardWare\ili9806e.c(61): error:  #20: identifier "LCD_Pin_DCLK" is undefined
..\..\HardWare\ili9806e.c:      GPIO_InitStructure.GPIO_Pin = LCD_Pin_CS | LCD_Pin_RES | LCD_Pin_DE | LCD_Pin_HSYNC | LCD_Pin_VSYNC | LCD_Pin_DCLK;
..\..\HardWare\ili9806e.c:                                                                                                            ^
..\..\HardWare\ili9806e.c: ..\..\HardWare\ili9806e.c: 0 warnings, 4 errors
compiling ssd1963_driver.c...
..\..\HardWare\ssd1963_driver.h(20): error:  #5: cannot open source input file "ascii1608.h": No such file or directory
..\..\HardWare\ssd1963_driver.h:   #include "ascii1608.h"
..\..\HardWare\ssd1963_driver.h:                         ^
..\..\HardWare\ssd1963_driver.h: ..\..\HardWare\ssd1963_driver.c: 0 warnings, 1 error
Target not created
Build target 'TEST_LED'
assembling startup_stm32f10x_hd.s...
compiling core_cm3.c...
compiling system_stm32f10x.c...
compiling misc.c...
compiling stm32f10x_adc.c...
compiling stm32f10x_bkp.c...
compiling stm32f10x_can.c...
compiling stm32f10x_cec.c...
compiling stm32f10x_crc.c...
compiling stm32f10x_dac.c...
compiling stm32f10x_dbgmcu.c...
compiling stm32f10x_dma.c...
compiling stm32f10x_exti.c...
compiling stm32f10x_flash.c...
compiling stm32f10x_fsmc.c...
compiling stm32f10x_gpio.c...
compiling stm32f10x_i2c.c...
compiling stm32f10x_iwdg.c...
compiling stm32f10x_pwr.c...
compiling stm32f10x_rcc.c...
compiling stm32f10x_rtc.c...
compiling stm32f10x_sdio.c...
compiling stm32f10x_spi.c...
compiling stm32f10x_tim.c...
compiling stm32f10x_usart.c...
compiling stm32f10x_wwdg.c...
compiling main.c...
..\..\User\main.c(43): error:  #20: identifier "Lcd_Height" is undefined
..\..\User\main.c:              for (height = 0; height < Lcd_Height; height++)
..\..\User\main.c:                                        ^
..\..\User\main.c(45): warning:  #223-D: function "Lcd_Fill_Disp" declared implicitly
..\..\User\main.c:                        Lcd_Fill_Disp(Red_262k); 
..\..\User\main.c:                        ^
..\..\User\main.c(45): error:  #20: identifier "Red_262k" is undefined
..\..\User\main.c:                        Lcd_Fill_Disp(Red_262k); 
..\..\User\main.c:                                      ^
..\..\User\main.c: ..\..\User\main.c: 1 warning, 2 errors
compiling stm32f10x_it.c...
compiling iso.c...
compiling sys.c...
compiling delay.c...
compiling usart.c...
compiling led.c...
compiling key.c...
compiling ili9806e.c...
compiling ssd1963_driver.c...
..\..\HardWare\ssd1963_driver.h(20): error:  #5: cannot open source input file "ascii1608.h": No such file or directory
..\..\HardWare\ssd1963_driver.h:   #include "ascii1608.h"
..\..\HardWare\ssd1963_driver.h:                         ^
..\..\HardWare\ssd1963_driver.h: ..\..\HardWare\ssd1963_driver.c: 0 warnings, 1 error
Target not created
Build target 'TEST_LED'
assembling startup_stm32f10x_hd.s...
compiling core_cm3.c...
compiling system_stm32f10x.c...
compiling misc.c...
compiling stm32f10x_adc.c...
compiling stm32f10x_bkp.c...
compiling stm32f10x_can.c...
compiling stm32f10x_cec.c...
compiling stm32f10x_crc.c...
compiling stm32f10x_dac.c...
compiling stm32f10x_dbgmcu.c...
compiling stm32f10x_dma.c...
compiling stm32f10x_exti.c...
compiling stm32f10x_flash.c...
compiling stm32f10x_fsmc.c...
compiling stm32f10x_gpio.c...
compiling stm32f10x_i2c.c...
compiling stm32f10x_iwdg.c...
compiling stm32f10x_pwr.c...
compiling stm32f10x_rcc.c...
compiling stm32f10x_rtc.c...
compiling stm32f10x_sdio.c...
compiling stm32f10x_spi.c...
compiling stm32f10x_tim.c...
compiling stm32f10x_usart.c...
compiling stm32f10x_wwdg.c...
compiling main.c...
..\..\User\main.c(35): warning:  #177-D: variable "height" was declared but never referenced
..\..\User\main.c:         u16 height;
..\..\User\main.c:             ^
..\..\User\main.c: ..\..\User\main.c: 1 warning, 0 errors
compiling stm32f10x_it.c...
compiling iso.c...
compiling sys.c...
compiling delay.c...
compiling usart.c...
compiling led.c...
compiling key.c...
compiling ili9806e.c...
compiling ssd1963_driver.c...
..\..\HardWare\ssd1963_driver.h(20): error:  #5: cannot open source input file "ascii1608.h": No such file or directory
..\..\HardWare\ssd1963_driver.h:   #include "ascii1608.h"
..\..\HardWare\ssd1963_driver.h:                         ^
..\..\HardWare\ssd1963_driver.h: ..\..\HardWare\ssd1963_driver.c: 0 warnings, 1 error
Target not created
Build target 'TEST_LED'
compiling ssd1963_driver.c...
..\..\HardWare\ssd1963_driver.h(90): error:  #20: identifier "uint_8" is undefined
..\..\HardWare\ssd1963_driver.h:   int LCD_SSD1963_putchar(u32 xpos,u32 ypos,uint_8 asc2num,u32 pencolor,u32 backcolor);
..\..\HardWare\ssd1963_driver.h:                                             ^
..\..\HardWare\ssd1963_driver.h(93): error:  #20: identifier "uint_8" is undefined
..\..\HardWare\ssd1963_driver.h:   void LCD_SSD1963_drawrectangle(u32 xsta, u32 ysta, u32 xend, u32 yend,uint_8 if_fill, u32 color);
..\..\HardWare\ssd1963_driver.h:                                                                         ^
..\..\HardWare\ssd1963_driver.h(94): error:  #20: identifier "uint_8" is undefined
..\..\HardWare\ssd1963_driver.h:   void LCD_SSD1963_drawcircle(u32 x0, u32 y0, u32 r,uint_8 if_fill, u32 color);
..\..\HardWare\ssd1963_driver.h:                                                     ^
..\..\HardWare\ssd1963_driver.c(128): error:  #65: expected a ";"
..\..\HardWare\ssd1963_driver.c:                LCD_SSD1963_write_command(0x00E0);        /* Lock PLL   */
..\..\HardWare\ssd1963_driver.c:                ^
..\..\HardWare\ssd1963_driver.c(133): error:  #65: expected a ";"
..\..\HardWare\ssd1963_driver.c:                LCD_SSD1963_write_command(0x0001);  
..\..\HardWare\ssd1963_driver.c:                ^
..\..\HardWare\ssd1963_driver.c(137): error:  #65: expected a ";"
..\..\HardWare\ssd1963_driver.c:                LCD_SSD1963_write_command(0x00E6);        
..\..\HardWare\ssd1963_driver.c:                ^
..\..\HardWare\ssd1963_driver.c(194): error:  #65: expected a ";"
..\..\HardWare\ssd1963_driver.c:                LCD_SSD1963_write_command(0x0029);        //display on
..\..\HardWare\ssd1963_driver.c:                ^
..\..\HardWare\ssd1963_driver.c(246): error:  #20: identifier "uint_8" is undefined
..\..\HardWare\ssd1963_driver.c:   int LCD_SSD1963_putchar(u32 xpos,u32 ypos,uint_8 asc2num,u32 pencolor,u32 backcolor)
..\..\HardWare\ssd1963_driver.c:                                             ^
..\..\HardWare\ssd1963_driver.c(249): error:  #20: identifier "uint_8" is undefined
..\..\HardWare\ssd1963_driver.c:       uint_8 temp;
..\..\HardWare\ssd1963_driver.c:       ^
..\..\HardWare\ssd1963_driver.c(250): error:  #20: identifier "uint_8" is undefined
..\..\HardWare\ssd1963_driver.c:       uint_8 pos,t;
..\..\HardWare\ssd1963_driver.c:       ^
..\..\HardWare\ssd1963_driver.c(451): error:  #20: identifier "uint_8" is undefined
..\..\HardWare\ssd1963_driver.c:   void LCD_SSD1963_drawrectangle(u32 xsta, u32 ysta, u32 xend, u32 yend,uint_8 if_fill, u32 color)
..\..\HardWare\ssd1963_driver.c:                                                                         ^
..\..\HardWare\ssd1963_driver.c(477): error:  #20: identifier "uint_8" is undefined
..\..\HardWare\ssd1963_driver.c:   void LCD_SSD1963_drawcircle(u32 x0, u32 y0, u32 r,uint_8 if_fill, u32 color)
..\..\HardWare\ssd1963_driver.c:                                                     ^
..\..\HardWare\ssd1963_driver.c(479): error:  #20: identifier "int_32" is undefined
..\..\HardWare\ssd1963_driver.c:        int_32 a=0,b=r;
..\..\HardWare\ssd1963_driver.c:        ^
..\..\HardWare\ssd1963_driver.c(480): error:  #20: identifier "int_32" is undefined
..\..\HardWare\ssd1963_driver.c:        int_32 di=3-(r<<1);
..\..\HardWare\ssd1963_driver.c:        ^
..\..\HardWare\ssd1963_driver.c: ..\..\HardWare\ssd1963_driver.c: 0 warnings, 14 errors
Target not created
Build target 'TEST_LED'
assembling startup_stm32f10x_hd.s...
compiling core_cm3.c...
compiling system_stm32f10x.c...
compiling misc.c...
compiling stm32f10x_adc.c...
compiling stm32f10x_bkp.c...
compiling stm32f10x_can.c...
compiling stm32f10x_cec.c...
compiling stm32f10x_crc.c...
compiling stm32f10x_dac.c...
compiling stm32f10x_dbgmcu.c...
compiling stm32f10x_dma.c...
compiling stm32f10x_exti.c...
compiling stm32f10x_flash.c...
compiling stm32f10x_fsmc.c...
compiling stm32f10x_gpio.c...
compiling stm32f10x_i2c.c...
compiling stm32f10x_iwdg.c...
compiling stm32f10x_pwr.c...
compiling stm32f10x_rcc.c...
compiling stm32f10x_rtc.c...
compiling stm32f10x_sdio.c...
compiling stm32f10x_spi.c...
compiling stm32f10x_tim.c...
compiling stm32f10x_usart.c...
compiling stm32f10x_wwdg.c...
compiling main.c...
..\..\User\main.c(35): warning:  #177-D: variable "height" was declared but never referenced
..\..\User\main.c:         u16 height;
..\..\User\main.c:             ^
..\..\User\main.c: ..\..\User\main.c: 1 warning, 0 errors
compiling stm32f10x_it.c...
compiling iso.c...
compiling sys.c...
compiling delay.c...
compiling usart.c...
compiling led.c...
compiling key.c...
compiling ili9806e.c...
compiling ssd1963_driver.c...
..\..\HardWare\ssd1963_driver.h(90): error:  #20: identifier "uint_8" is undefined
..\..\HardWare\ssd1963_driver.h:   int LCD_SSD1963_putchar(u32 xpos,u32 ypos,uint_8 asc2num,u32 pencolor,u32 backcolor);
..\..\HardWare\ssd1963_driver.h:                                             ^
..\..\HardWare\ssd1963_driver.h(93): error:  #20: identifier "uint_8" is undefined
..\..\HardWare\ssd1963_driver.h:   void LCD_SSD1963_drawrectangle(u32 xsta, u32 ysta, u32 xend, u32 yend,uint_8 if_fill, u32 color);
..\..\HardWare\ssd1963_driver.h:                                                                         ^
..\..\HardWare\ssd1963_driver.h(94): error:  #20: identifier "uint_8" is undefined
..\..\HardWare\ssd1963_driver.h:   void LCD_SSD1963_drawcircle(u32 x0, u32 y0, u32 r,uint_8 if_fill, u32 color);
..\..\HardWare\ssd1963_driver.h:                                                     ^
..\..\HardWare\ssd1963_driver.c(128): error:  #65: expected a ";"
..\..\HardWare\ssd1963_driver.c:                LCD_SSD1963_write_command(0x00E0);        /* Lock PLL   */
..\..\HardWare\ssd1963_driver.c:                ^
..\..\HardWare\ssd1963_driver.c(133): error:  #65: expected a ";"
..\..\HardWare\ssd1963_driver.c:                LCD_SSD1963_write_command(0x0001);  
..\..\HardWare\ssd1963_driver.c:                ^
..\..\HardWare\ssd1963_driver.c(137): error:  #65: expected a ";"
..\..\HardWare\ssd1963_driver.c:                LCD_SSD1963_write_command(0x00E6);        
..\..\HardWare\ssd1963_driver.c:                ^
..\..\HardWare\ssd1963_driver.c(194): error:  #65: expected a ";"
..\..\HardWare\ssd1963_driver.c:                LCD_SSD1963_write_command(0x0029);        //display on
..\..\HardWare\ssd1963_driver.c:                ^
..\..\HardWare\ssd1963_driver.c(246): error:  #20: identifier "uint_8" is undefined
..\..\HardWare\ssd1963_driver.c:   int LCD_SSD1963_putchar(u32 xpos,u32 ypos,uint_8 asc2num,u32 pencolor,u32 backcolor)
..\..\HardWare\ssd1963_driver.c:                                             ^
..\..\HardWare\ssd1963_driver.c(249): error:  #20: identifier "uint_8" is undefined
..\..\HardWare\ssd1963_driver.c:       uint_8 temp;
..\..\HardWare\ssd1963_driver.c:       ^
..\..\HardWare\ssd1963_driver.c(250): error:  #20: identifier "uint_8" is undefined
..\..\HardWare\ssd1963_driver.c:       uint_8 pos,t;
..\..\HardWare\ssd1963_driver.c:       ^
..\..\HardWare\ssd1963_driver.c(451): error:  #20: identifier "uint_8" is undefined
..\..\HardWare\ssd1963_driver.c:   void LCD_SSD1963_drawrectangle(u32 xsta, u32 ysta, u32 xend, u32 yend,uint_8 if_fill, u32 color)
..\..\HardWare\ssd1963_driver.c:                                                                         ^
..\..\HardWare\ssd1963_driver.c(477): error:  #20: identifier "uint_8" is undefined
..\..\HardWare\ssd1963_driver.c:   void LCD_SSD1963_drawcircle(u32 x0, u32 y0, u32 r,uint_8 if_fill, u32 color)
..\..\HardWare\ssd1963_driver.c:                                                     ^
..\..\HardWare\ssd1963_driver.c(479): error:  #20: identifier "int_32" is undefined
..\..\HardWare\ssd1963_driver.c:        int_32 a=0,b=r;
..\..\HardWare\ssd1963_driver.c:        ^
..\..\HardWare\ssd1963_driver.c(480): error:  #20: identifier "int_32" is undefined
..\..\HardWare\ssd1963_driver.c:        int_32 di=3-(r<<1);
..\..\HardWare\ssd1963_driver.c:        ^
..\..\HardWare\ssd1963_driver.c: ..\..\HardWare\ssd1963_driver.c: 0 warnings, 14 errors
Target not created
Build target 'TEST_LED'
assembling startup_stm32f10x_hd.s...
compiling core_cm3.c...
compiling system_stm32f10x.c...
compiling misc.c...
compiling stm32f10x_adc.c...
compiling stm32f10x_bkp.c...
compiling stm32f10x_can.c...
compiling stm32f10x_cec.c...
compiling stm32f10x_crc.c...
compiling stm32f10x_dac.c...
compiling stm32f10x_dbgmcu.c...
compiling stm32f10x_dma.c...
compiling stm32f10x_exti.c...
compiling stm32f10x_flash.c...
compiling stm32f10x_fsmc.c...
compiling stm32f10x_gpio.c...
compiling stm32f10x_i2c.c...
compiling stm32f10x_iwdg.c...
compiling stm32f10x_pwr.c...
compiling stm32f10x_rcc.c...
compiling stm32f10x_rtc.c...
compiling stm32f10x_sdio.c...
compiling stm32f10x_spi.c...
compiling stm32f10x_tim.c...
compiling stm32f10x_usart.c...
compiling stm32f10x_wwdg.c...
compiling main.c...
..\..\User\main.c(35): warning:  #177-D: variable "height" was declared but never referenced
..\..\User\main.c:         u16 height;
..\..\User\main.c:             ^
..\..\User\main.c: ..\..\User\main.c: 1 warning, 0 errors
compiling stm32f10x_it.c...
compiling iso.c...
compiling sys.c...
compiling delay.c...
compiling usart.c...
compiling led.c...
compiling key.c...
compiling ili9806e.c...
compiling ssd1963_driver.c...
..\..\HardWare\ssd1963_driver.c(56): error:  #65: expected a ";"
..\..\HardWare\ssd1963_driver.c:        unsigned u8 l=VDP+1,w;
..\..\HardWare\ssd1963_driver.c:                    ^
..\..\HardWare\ssd1963_driver.c(73): error:  #20: identifier "l" is undefined
..\..\HardWare\ssd1963_driver.c:        while(l--)               
..\..\HardWare\ssd1963_driver.c:              ^
..\..\HardWare\ssd1963_driver.c(75): error:  #20: identifier "w" is undefined
..\..\HardWare\ssd1963_driver.c:                for(w = 0; w < HDP+1; w++) 
..\..\HardWare\ssd1963_driver.c:                    ^
..\..\HardWare\ssd1963_driver.c(56): warning:  #177-D: variable "u8" was declared but never referenced
..\..\HardWare\ssd1963_driver.c:        unsigned u8 l=VDP+1,w;
..\..\HardWare\ssd1963_driver.c:                 ^
..\..\HardWare\ssd1963_driver.c(128): error:  #65: expected a ";"
..\..\HardWare\ssd1963_driver.c:                LCD_SSD1963_write_command(0x00E0);        /* Lock PLL   */
..\..\HardWare\ssd1963_driver.c:                ^
..\..\HardWare\ssd1963_driver.c(133): error:  #65: expected a ";"
..\..\HardWare\ssd1963_driver.c:                LCD_SSD1963_write_command(0x0001);  
..\..\HardWare\ssd1963_driver.c:                ^
..\..\HardWare\ssd1963_driver.c(137): error:  #65: expected a ";"
..\..\HardWare\ssd1963_driver.c:                LCD_SSD1963_write_command(0x00E6);        
..\..\HardWare\ssd1963_driver.c:                ^
..\..\HardWare\ssd1963_driver.c(194): error:  #65: expected a ";"
..\..\HardWare\ssd1963_driver.c:                LCD_SSD1963_write_command(0x0029);        //display on
..\..\HardWare\ssd1963_driver.c:                ^
..\..\HardWare\ssd1963_driver.c(246): error:  #20: identifier "uint_8" is undefined
..\..\HardWare\ssd1963_driver.c:   u8 LCD_SSD1963_putchar(u32 xpos,u32 ypos,uint_8 asc2num,u32 pencolor,u32 backcolor)
..\..\HardWare\ssd1963_driver.c:                                            ^
..\..\HardWare\ssd1963_driver.c(249): error:  #20: identifier "uint_8" is undefined
..\..\HardWare\ssd1963_driver.c:       uint_8 temp;
..\..\HardWare\ssd1963_driver.c:       ^
..\..\HardWare\ssd1963_driver.c(250): error:  #20: identifier "uint_8" is undefined
..\..\HardWare\ssd1963_driver.c:       uint_8 pos,t;
..\..\HardWare\ssd1963_driver.c:       ^
..\..\HardWare\ssd1963_driver.c(252): warning:  #68-D: integer conversion resulted in a change of sign
..\..\HardWare\ssd1963_driver.c:       if(xpos>(HDP-7)||ypos>(VDP-15)) return -1;                   
..\..\HardWare\ssd1963_driver.c:                                              ^
..\..\HardWare\ssd1963_driver.c(286): warning:  #68-D: integer conversion resulted in a change of sign
..\..\HardWare\ssd1963_driver.c:           if(xpos>(HDP-7)||ypos>(VDP-15)) return -1;
..\..\HardWare\ssd1963_driver.c:                                                  ^
..\..\HardWare\ssd1963_driver.c(309): warning:  #186-D: pointless comparison of unsigned integer with zero
..\..\HardWare\ssd1963_driver.c:    if(dx>=0)
..\..\HardWare\ssd1963_driver.c:         ^
..\..\HardWare\ssd1963_driver.c(311): warning:  #186-D: pointless comparison of unsigned integer with zero
..\..\HardWare\ssd1963_driver.c:     if(dy >= 0) 
..\..\HardWare\ssd1963_driver.c:           ^
..\..\HardWare\ssd1963_driver.c(367): warning:  #186-D: pointless comparison of unsigned integer with zero
..\..\HardWare\ssd1963_driver.c:     if(dy >= 0) 
..\..\HardWare\ssd1963_driver.c:           ^
..\..\HardWare\ssd1963_driver.c(451): error:  #20: identifier "uint_8" is undefined
..\..\HardWare\ssd1963_driver.c:   void LCD_SSD1963_drawrectangle(u32 xsta, u32 ysta, u32 xend, u32 yend,uint_8 if_fill, u32 color)
..\..\HardWare\ssd1963_driver.c:                                                                         ^
..\..\HardWare\ssd1963_driver.c(477): error:  #20: identifier "uint_8" is undefined
..\..\HardWare\ssd1963_driver.c:   void LCD_SSD1963_drawcircle(u32 x0, u32 y0, u32 r,uint_8 if_fill, u32 color)
..\..\HardWare\ssd1963_driver.c:                                                     ^
..\..\HardWare\ssd1963_driver.c(479): error:  #20: identifier "int_32" is undefined
..\..\HardWare\ssd1963_driver.c:        int_32 a=0,b=r;
..\..\HardWare\ssd1963_driver.c:        ^
..\..\HardWare\ssd1963_driver.c(480): error:  #20: identifier "int_32" is undefined
..\..\HardWare\ssd1963_driver.c:        int_32 di=3-(r<<1);
..\..\HardWare\ssd1963_driver.c:        ^
..\..\HardWare\ssd1963_driver.c: ..\..\HardWare\ssd1963_driver.c: 6 warnings, 14 errors
Target not created
Build target 'TEST_LED'
assembling startup_stm32f10x_hd.s...
compiling core_cm3.c...
compiling system_stm32f10x.c...
compiling misc.c...
compiling stm32f10x_adc.c...
compiling stm32f10x_bkp.c...
compiling stm32f10x_can.c...
compiling stm32f10x_cec.c...
compiling stm32f10x_crc.c...
compiling stm32f10x_dac.c...
compiling stm32f10x_dbgmcu.c...
compiling stm32f10x_dma.c...
compiling stm32f10x_exti.c...
compiling stm32f10x_flash.c...
compiling stm32f10x_fsmc.c...
compiling stm32f10x_gpio.c...
compiling stm32f10x_i2c.c...
compiling stm32f10x_iwdg.c...
compiling stm32f10x_pwr.c...
compiling stm32f10x_rcc.c...
compiling stm32f10x_rtc.c...
compiling stm32f10x_sdio.c...
compiling stm32f10x_spi.c...
compiling stm32f10x_tim.c...
compiling stm32f10x_usart.c...
compiling stm32f10x_wwdg.c...
compiling main.c...
..\..\User\main.c(35): warning:  #177-D: variable "height" was declared but never referenced
..\..\User\main.c:         u16 height;
..\..\User\main.c:             ^
..\..\User\main.c: ..\..\User\main.c: 1 warning, 0 errors
compiling stm32f10x_it.c...
compiling iso.c...
compiling sys.c...
compiling delay.c...
compiling usart.c...
compiling led.c...
compiling key.c...
compiling ili9806e.c...
compiling ssd1963_driver.c...
..\..\HardWare\ssd1963_driver.c(56): warning:  #69-D: integer conversion resulted in truncation
..\..\HardWare\ssd1963_driver.c:         u8 l = VDP+1,w;
..\..\HardWare\ssd1963_driver.c:                ^
..\..\HardWare\ssd1963_driver.c(128): error:  #65: expected a ";"
..\..\HardWare\ssd1963_driver.c:                LCD_SSD1963_write_command(0x00E0);        /* Lock PLL   */
..\..\HardWare\ssd1963_driver.c:                ^
..\..\HardWare\ssd1963_driver.c(133): error:  #65: expected a ";"
..\..\HardWare\ssd1963_driver.c:                LCD_SSD1963_write_command(0x0001);  
..\..\HardWare\ssd1963_driver.c:                ^
..\..\HardWare\ssd1963_driver.c(137): error:  #65: expected a ";"
..\..\HardWare\ssd1963_driver.c:                LCD_SSD1963_write_command(0x00E6);        
..\..\HardWare\ssd1963_driver.c:                ^
..\..\HardWare\ssd1963_driver.c(194): error:  #65: expected a ";"
..\..\HardWare\ssd1963_driver.c:                LCD_SSD1963_write_command(0x0029);        //display on
..\..\HardWare\ssd1963_driver.c:                ^
..\..\HardWare\ssd1963_driver.c(246): error:  #20: identifier "uint_8" is undefined
..\..\HardWare\ssd1963_driver.c:   u8 LCD_SSD1963_putchar(u32 xpos,u32 ypos,uint_8 asc2num,u32 pencolor,u32 backcolor)
..\..\HardWare\ssd1963_driver.c:                                            ^
..\..\HardWare\ssd1963_driver.c(249): error:  #20: identifier "uint_8" is undefined
..\..\HardWare\ssd1963_driver.c:       uint_8 temp;
..\..\HardWare\ssd1963_driver.c:       ^
..\..\HardWare\ssd1963_driver.c(250): error:  #20: identifier "uint_8" is undefined
..\..\HardWare\ssd1963_driver.c:       uint_8 pos,t;
..\..\HardWare\ssd1963_driver.c:       ^
..\..\HardWare\ssd1963_driver.c(252): warning:  #68-D: integer conversion resulted in a change of sign
..\..\HardWare\ssd1963_driver.c:       if(xpos>(HDP-7)||ypos>(VDP-15)) return -1;                   
..\..\HardWare\ssd1963_driver.c:                                              ^
..\..\HardWare\ssd1963_driver.c(286): warning:  #68-D: integer conversion resulted in a change of sign
..\..\HardWare\ssd1963_driver.c:           if(xpos>(HDP-7)||ypos>(VDP-15)) return -1;
..\..\HardWare\ssd1963_driver.c:                                                  ^
..\..\HardWare\ssd1963_driver.c(309): warning:  #186-D: pointless comparison of unsigned integer with zero
..\..\HardWare\ssd1963_driver.c:    if(dx>=0)
..\..\HardWare\ssd1963_driver.c:         ^
..\..\HardWare\ssd1963_driver.c(311): warning:  #186-D: pointless comparison of unsigned integer with zero
..\..\HardWare\ssd1963_driver.c:     if(dy >= 0) 
..\..\HardWare\ssd1963_driver.c:           ^
..\..\HardWare\ssd1963_driver.c(367): warning:  #186-D: pointless comparison of unsigned integer with zero
..\..\HardWare\ssd1963_driver.c:     if(dy >= 0) 
..\..\HardWare\ssd1963_driver.c:           ^
..\..\HardWare\ssd1963_driver.c(451): error:  #20: identifier "uint_8" is undefined
..\..\HardWare\ssd1963_driver.c:   void LCD_SSD1963_drawrectangle(u32 xsta, u32 ysta, u32 xend, u32 yend,uint_8 if_fill, u32 color)
..\..\HardWare\ssd1963_driver.c:                                                                         ^
..\..\HardWare\ssd1963_driver.c(477): error:  #20: identifier "uint_8" is undefined
..\..\HardWare\ssd1963_driver.c:   void LCD_SSD1963_drawcircle(u32 x0, u32 y0, u32 r,uint_8 if_fill, u32 color)
..\..\HardWare\ssd1963_driver.c:                                                     ^
..\..\HardWare\ssd1963_driver.c(479): error:  #20: identifier "int_32" is undefined
..\..\HardWare\ssd1963_driver.c:        int_32 a=0,b=r;
..\..\HardWare\ssd1963_driver.c:        ^
..\..\HardWare\ssd1963_driver.c(480): error:  #20: identifier "int_32" is undefined
..\..\HardWare\ssd1963_driver.c:        int_32 di=3-(r<<1);
..\..\HardWare\ssd1963_driver.c:        ^
..\..\HardWare\ssd1963_driver.c: ..\..\HardWare\ssd1963_driver.c: 6 warnings, 11 errors
Target not created
Build target 'TEST_LED'
assembling startup_stm32f10x_hd.s...
compiling core_cm3.c...
compiling system_stm32f10x.c...
compiling misc.c...
compiling stm32f10x_adc.c...
compiling stm32f10x_bkp.c...
compiling stm32f10x_can.c...
compiling stm32f10x_cec.c...
compiling stm32f10x_crc.c...
compiling stm32f10x_dac.c...
compiling stm32f10x_dbgmcu.c...
compiling stm32f10x_dma.c...
compiling stm32f10x_exti.c...
compiling stm32f10x_flash.c...
compiling stm32f10x_fsmc.c...
compiling stm32f10x_gpio.c...
compiling stm32f10x_i2c.c...
compiling stm32f10x_iwdg.c...
compiling stm32f10x_pwr.c...
compiling stm32f10x_rcc.c...
compiling stm32f10x_rtc.c...
compiling stm32f10x_sdio.c...
compiling stm32f10x_spi.c...
compiling stm32f10x_tim.c...
compiling stm32f10x_usart.c...
compiling stm32f10x_wwdg.c...
compiling main.c...
..\..\User\main.c(35): warning:  #177-D: variable "height" was declared but never referenced
..\..\User\main.c:         u16 height;
..\..\User\main.c:             ^
..\..\User\main.c: ..\..\User\main.c: 1 warning, 0 errors
compiling stm32f10x_it.c...
compiling iso.c...
compiling sys.c...
compiling delay.c...
compiling usart.c...
compiling led.c...
compiling key.c...
compiling ili9806e.c...
compiling ssd1963_driver.c...
..\..\HardWare\ssd1963_driver.c(128): error:  #65: expected a ";"
..\..\HardWare\ssd1963_driver.c:                LCD_SSD1963_write_command(0x00E0);        /* Lock PLL   */
..\..\HardWare\ssd1963_driver.c:                ^
..\..\HardWare\ssd1963_driver.c(133): error:  #65: expected a ";"
..\..\HardWare\ssd1963_driver.c:                LCD_SSD1963_write_command(0x0001);  
..\..\HardWare\ssd1963_driver.c:                ^
..\..\HardWare\ssd1963_driver.c(137): error:  #65: expected a ";"
..\..\HardWare\ssd1963_driver.c:                LCD_SSD1963_write_command(0x00E6);        
..\..\HardWare\ssd1963_driver.c:                ^
..\..\HardWare\ssd1963_driver.c(194): error:  #65: expected a ";"
..\..\HardWare\ssd1963_driver.c:                LCD_SSD1963_write_command(0x0029);        //display on
..\..\HardWare\ssd1963_driver.c:                ^
..\..\HardWare\ssd1963_driver.c(246): error:  #20: identifier "uint_8" is undefined
..\..\HardWare\ssd1963_driver.c:   u8 LCD_SSD1963_putchar(u32 xpos,u32 ypos,uint_8 asc2num,u32 pencolor,u32 backcolor)
..\..\HardWare\ssd1963_driver.c:                                            ^
..\..\HardWare\ssd1963_driver.c(249): error:  #20: identifier "uint_8" is undefined
..\..\HardWare\ssd1963_driver.c:       uint_8 temp;
..\..\HardWare\ssd1963_driver.c:       ^
..\..\HardWare\ssd1963_driver.c(250): error:  #20: identifier "uint_8" is undefined
..\..\HardWare\ssd1963_driver.c:       uint_8 pos,t;
..\..\HardWare\ssd1963_driver.c:       ^
..\..\HardWare\ssd1963_driver.c(252): warning:  #68-D: integer conversion resulted in a change of sign
..\..\HardWare\ssd1963_driver.c:       if(xpos>(HDP-7)||ypos>(VDP-15)) return -1;                   
..\..\HardWare\ssd1963_driver.c:                                              ^
..\..\HardWare\ssd1963_driver.c(286): warning:  #68-D: integer conversion resulted in a change of sign
..\..\HardWare\ssd1963_driver.c:           if(xpos>(HDP-7)||ypos>(VDP-15)) return -1;
..\..\HardWare\ssd1963_driver.c:                                                  ^
..\..\HardWare\ssd1963_driver.c(309): warning:  #186-D: pointless comparison of unsigned integer with zero
..\..\HardWare\ssd1963_driver.c:    if(dx>=0)
..\..\HardWare\ssd1963_driver.c:         ^
..\..\HardWare\ssd1963_driver.c(311): warning:  #186-D: pointless comparison of unsigned integer with zero
..\..\HardWare\ssd1963_driver.c:     if(dy >= 0) 
..\..\HardWare\ssd1963_driver.c:           ^
..\..\HardWare\ssd1963_driver.c(367): warning:  #186-D: pointless comparison of unsigned integer with zero
..\..\HardWare\ssd1963_driver.c:     if(dy >= 0) 
..\..\HardWare\ssd1963_driver.c:           ^
..\..\HardWare\ssd1963_driver.c(451): error:  #20: identifier "uint_8" is undefined
..\..\HardWare\ssd1963_driver.c:   void LCD_SSD1963_drawrectangle(u32 xsta, u32 ysta, u32 xend, u32 yend,uint_8 if_fill, u32 color)
..\..\HardWare\ssd1963_driver.c:                                                                         ^
..\..\HardWare\ssd1963_driver.c(477): error:  #20: identifier "uint_8" is undefined
..\..\HardWare\ssd1963_driver.c:   void LCD_SSD1963_drawcircle(u32 x0, u32 y0, u32 r,uint_8 if_fill, u32 color)
..\..\HardWare\ssd1963_driver.c:                                                     ^
..\..\HardWare\ssd1963_driver.c(479): error:  #20: identifier "int_32" is undefined
..\..\HardWare\ssd1963_driver.c:        int_32 a=0,b=r;
..\..\HardWare\ssd1963_driver.c:        ^
..\..\HardWare\ssd1963_driver.c(480): error:  #20: identifier "int_32" is undefined
..\..\HardWare\ssd1963_driver.c:        int_32 di=3-(r<<1);
..\..\HardWare\ssd1963_driver.c:        ^
..\..\HardWare\ssd1963_driver.c: ..\..\HardWare\ssd1963_driver.c: 5 warnings, 11 errors
Target not created
Build target 'TEST_LED'
assembling startup_stm32f10x_hd.s...
compiling core_cm3.c...
compiling system_stm32f10x.c...
compiling misc.c...
compiling stm32f10x_adc.c...
compiling stm32f10x_bkp.c...
compiling stm32f10x_can.c...
compiling stm32f10x_cec.c...
compiling stm32f10x_crc.c...
compiling stm32f10x_dac.c...
compiling stm32f10x_dbgmcu.c...
compiling stm32f10x_dma.c...
compiling stm32f10x_exti.c...
compiling stm32f10x_flash.c...
compiling stm32f10x_fsmc.c...
compiling stm32f10x_gpio.c...
compiling stm32f10x_i2c.c...
compiling stm32f10x_iwdg.c...
compiling stm32f10x_pwr.c...
compiling stm32f10x_rcc.c...
compiling stm32f10x_rtc.c...
compiling stm32f10x_sdio.c...
compiling stm32f10x_spi.c...
compiling stm32f10x_tim.c...
compiling stm32f10x_usart.c...
compiling stm32f10x_wwdg.c...
compiling main.c...
..\..\User\main.c(35): warning:  #177-D: variable "height" was declared but never referenced
..\..\User\main.c:         u16 height;
..\..\User\main.c:             ^
..\..\User\main.c: ..\..\User\main.c: 1 warning, 0 errors
compiling stm32f10x_it.c...
compiling iso.c...
compiling sys.c...
compiling delay.c...
compiling usart.c...
compiling led.c...
compiling key.c...
compiling ili9806e.c...
compiling ssd1963_driver.c...
..\..\HardWare\ssd1963_driver.c(246): error:  #20: identifier "uint_8" is undefined
..\..\HardWare\ssd1963_driver.c:   u8 LCD_SSD1963_putchar(u32 xpos,u32 ypos,uint_8 asc2num,u32 pencolor,u32 backcolor)
..\..\HardWare\ssd1963_driver.c:                                            ^
..\..\HardWare\ssd1963_driver.c(249): error:  #20: identifier "uint_8" is undefined
..\..\HardWare\ssd1963_driver.c:       uint_8 temp;
..\..\HardWare\ssd1963_driver.c:       ^
..\..\HardWare\ssd1963_driver.c(250): error:  #20: identifier "uint_8" is undefined
..\..\HardWare\ssd1963_driver.c:       uint_8 pos,t;
..\..\HardWare\ssd1963_driver.c:       ^
..\..\HardWare\ssd1963_driver.c(252): warning:  #68-D: integer conversion resulted in a change of sign
..\..\HardWare\ssd1963_driver.c:       if(xpos>(HDP-7)||ypos>(VDP-15)) return -1;                   
..\..\HardWare\ssd1963_driver.c:                                              ^
..\..\HardWare\ssd1963_driver.c(286): warning:  #68-D: integer conversion resulted in a change of sign
..\..\HardWare\ssd1963_driver.c:           if(xpos>(HDP-7)||ypos>(VDP-15)) return -1;
..\..\HardWare\ssd1963_driver.c:                                                  ^
..\..\HardWare\ssd1963_driver.c(309): warning:  #186-D: pointless comparison of unsigned integer with zero
..\..\HardWare\ssd1963_driver.c:    if(dx>=0)
..\..\HardWare\ssd1963_driver.c:         ^
..\..\HardWare\ssd1963_driver.c(311): warning:  #186-D: pointless comparison of unsigned integer with zero
..\..\HardWare\ssd1963_driver.c:     if(dy >= 0) 
..\..\HardWare\ssd1963_driver.c:           ^
..\..\HardWare\ssd1963_driver.c(367): warning:  #186-D: pointless comparison of unsigned integer with zero
..\..\HardWare\ssd1963_driver.c:     if(dy >= 0) 
..\..\HardWare\ssd1963_driver.c:           ^
..\..\HardWare\ssd1963_driver.c(451): error:  #20: identifier "uint_8" is undefined
..\..\HardWare\ssd1963_driver.c:   void LCD_SSD1963_drawrectangle(u32 xsta, u32 ysta, u32 xend, u32 yend,uint_8 if_fill, u32 color)
..\..\HardWare\ssd1963_driver.c:                                                                         ^
..\..\HardWare\ssd1963_driver.c(477): error:  #20: identifier "uint_8" is undefined
..\..\HardWare\ssd1963_driver.c:   void LCD_SSD1963_drawcircle(u32 x0, u32 y0, u32 r,uint_8 if_fill, u32 color)
..\..\HardWare\ssd1963_driver.c:                                                     ^
..\..\HardWare\ssd1963_driver.c(479): error:  #20: identifier "int_32" is undefined
..\..\HardWare\ssd1963_driver.c:        int_32 a=0,b=r;
..\..\HardWare\ssd1963_driver.c:        ^
..\..\HardWare\ssd1963_driver.c(480): error:  #20: identifier "int_32" is undefined
..\..\HardWare\ssd1963_driver.c:        int_32 di=3-(r<<1);
..\..\HardWare\ssd1963_driver.c:        ^
..\..\HardWare\ssd1963_driver.c: ..\..\HardWare\ssd1963_driver.c: 5 warnings, 7 errors
Target not created
Build target 'TEST_LED'
assembling startup_stm32f10x_hd.s...
compiling core_cm3.c...
compiling system_stm32f10x.c...
compiling misc.c...
compiling stm32f10x_adc.c...
compiling stm32f10x_bkp.c...
compiling stm32f10x_can.c...
compiling stm32f10x_cec.c...
compiling stm32f10x_crc.c...
compiling stm32f10x_dac.c...
compiling stm32f10x_dbgmcu.c...
compiling stm32f10x_dma.c...
compiling stm32f10x_exti.c...
compiling stm32f10x_flash.c...
compiling stm32f10x_fsmc.c...
compiling stm32f10x_gpio.c...
compiling stm32f10x_i2c.c...
compiling stm32f10x_iwdg.c...
compiling stm32f10x_pwr.c...
compiling stm32f10x_rcc.c...
compiling stm32f10x_rtc.c...
compiling stm32f10x_sdio.c...
compiling stm32f10x_spi.c...
compiling stm32f10x_tim.c...
compiling stm32f10x_usart.c...
compiling stm32f10x_wwdg.c...
compiling main.c...
..\..\User\main.c(35): warning:  #177-D: variable "height" was declared but never referenced
..\..\User\main.c:         u16 height;
..\..\User\main.c:             ^
..\..\User\main.c: ..\..\User\main.c: 1 warning, 0 errors
compiling stm32f10x_it.c...
compiling iso.c...
compiling sys.c...
compiling delay.c...
compiling usart.c...
compiling led.c...
compiling key.c...
compiling ili9806e.c...
compiling ssd1963_driver.c...
..\..\HardWare\ssd1963_driver.c(252): warning:  #68-D: integer conversion resulted in a change of sign
..\..\HardWare\ssd1963_driver.c:       if(xpos>(HDP-7)||ypos>(VDP-15)) return -1;                   
..\..\HardWare\ssd1963_driver.c:                                              ^
..\..\HardWare\ssd1963_driver.c(286): warning:  #68-D: integer conversion resulted in a change of sign
..\..\HardWare\ssd1963_driver.c:           if(xpos>(HDP-7)||ypos>(VDP-15)) return -1;
..\..\HardWare\ssd1963_driver.c:                                                  ^
..\..\HardWare\ssd1963_driver.c(309): warning:  #186-D: pointless comparison of unsigned integer with zero
..\..\HardWare\ssd1963_driver.c:    if(dx>=0)
..\..\HardWare\ssd1963_driver.c:         ^
..\..\HardWare\ssd1963_driver.c(311): warning:  #186-D: pointless comparison of unsigned integer with zero
..\..\HardWare\ssd1963_driver.c:     if(dy >= 0) 
..\..\HardWare\ssd1963_driver.c:           ^
..\..\HardWare\ssd1963_driver.c(367): warning:  #186-D: pointless comparison of unsigned integer with zero
..\..\HardWare\ssd1963_driver.c:     if(dy >= 0) 
..\..\HardWare\ssd1963_driver.c:           ^
..\..\HardWare\ssd1963_driver.c(479): error:  #20: identifier "int_32" is undefined
..\..\HardWare\ssd1963_driver.c:        int_32 a=0,b=r;
..\..\HardWare\ssd1963_driver.c:        ^
..\..\HardWare\ssd1963_driver.c(480): error:  #20: identifier "int_32" is undefined
..\..\HardWare\ssd1963_driver.c:        int_32 di=3-(r<<1);
..\..\HardWare\ssd1963_driver.c:        ^
..\..\HardWare\ssd1963_driver.c: ..\..\HardWare\ssd1963_driver.c: 5 warnings, 2 errors
Target not created
Build target 'TEST_LED'
assembling startup_stm32f10x_hd.s...
compiling core_cm3.c...
compiling system_stm32f10x.c...
compiling misc.c...
compiling stm32f10x_adc.c...
compiling stm32f10x_bkp.c...
compiling stm32f10x_can.c...
compiling stm32f10x_cec.c...
compiling stm32f10x_crc.c...
compiling stm32f10x_dac.c...
compiling stm32f10x_dbgmcu.c...
compiling stm32f10x_dma.c...
compiling stm32f10x_exti.c...
compiling stm32f10x_flash.c...
compiling stm32f10x_fsmc.c...
compiling stm32f10x_gpio.c...
compiling stm32f10x_i2c.c...
compiling stm32f10x_iwdg.c...
compiling stm32f10x_pwr.c...
compiling stm32f10x_rcc.c...
compiling stm32f10x_rtc.c...
compiling stm32f10x_sdio.c...
compiling stm32f10x_spi.c...
compiling stm32f10x_tim.c...
compiling stm32f10x_usart.c...
compiling stm32f10x_wwdg.c...
compiling main.c...
..\..\User\main.c(35): warning:  #177-D: variable "height" was declared but never referenced
..\..\User\main.c:         u16 height;
..\..\User\main.c:             ^
..\..\User\main.c: ..\..\User\main.c: 1 warning, 0 errors
compiling stm32f10x_it.c...
compiling iso.c...
compiling sys.c...
compiling delay.c...
compiling usart.c...
compiling led.c...
compiling key.c...
compiling ili9806e.c...
compiling ssd1963_driver.c...
..\..\HardWare\ssd1963_driver.c(252): warning:  #68-D: integer conversion resulted in a change of sign
..\..\HardWare\ssd1963_driver.c:       if(xpos>(HDP-7)||ypos>(VDP-15)) return -1;                   
..\..\HardWare\ssd1963_driver.c:                                              ^
..\..\HardWare\ssd1963_driver.c(286): warning:  #68-D: integer conversion resulted in a change of sign
..\..\HardWare\ssd1963_driver.c:           if(xpos>(HDP-7)||ypos>(VDP-15)) return -1;
..\..\HardWare\ssd1963_driver.c:                                                  ^
..\..\HardWare\ssd1963_driver.c(309): warning:  #186-D: pointless comparison of unsigned integer with zero
..\..\HardWare\ssd1963_driver.c:    if(dx>=0)
..\..\HardWare\ssd1963_driver.c:         ^
..\..\HardWare\ssd1963_driver.c(311): warning:  #186-D: pointless comparison of unsigned integer with zero
..\..\HardWare\ssd1963_driver.c:     if(dy >= 0) 
..\..\HardWare\ssd1963_driver.c:           ^
..\..\HardWare\ssd1963_driver.c(367): warning:  #186-D: pointless comparison of unsigned integer with zero
..\..\HardWare\ssd1963_driver.c:     if(dy >= 0) 
..\..\HardWare\ssd1963_driver.c:           ^
..\..\HardWare\ssd1963_driver.c(506): warning:  #186-D: pointless comparison of unsigned integer with zero
..\..\HardWare\ssd1963_driver.c:                if(di<0)
..\..\HardWare\ssd1963_driver.c:                     ^
..\..\HardWare\ssd1963_driver.c: ..\..\HardWare\ssd1963_driver.c: 6 warnings, 0 errors
linking...
Program Size: Code=4876 RO-data=336 RW-data=32 ZI-data=1224  
FromELF: creating hex file...
"..\..\Output\STM32_LCD.axf" - 0 Error(s), 7 Warning(s).
Build target 'TEST_LED'
assembling startup_stm32f10x_hd.s...
compiling core_cm3.c...
compiling system_stm32f10x.c...
compiling misc.c...
compiling stm32f10x_adc.c...
compiling stm32f10x_bkp.c...
compiling stm32f10x_can.c...
compiling stm32f10x_cec.c...
compiling stm32f10x_crc.c...
compiling stm32f10x_dac.c...
compiling stm32f10x_dbgmcu.c...
compiling stm32f10x_dma.c...
compiling stm32f10x_exti.c...
compiling stm32f10x_flash.c...
compiling stm32f10x_fsmc.c...
compiling stm32f10x_gpio.c...
compiling stm32f10x_i2c.c...
compiling stm32f10x_iwdg.c...
compiling stm32f10x_pwr.c...
compiling stm32f10x_rcc.c...
compiling stm32f10x_rtc.c...
compiling stm32f10x_sdio.c...
compiling stm32f10x_spi.c...
compiling stm32f10x_tim.c...
compiling stm32f10x_usart.c...
compiling stm32f10x_wwdg.c...
compiling main.c...
..\..\User\main.c(35): warning:  #177-D: variable "height" was declared but never referenced
..\..\User\main.c:         u16 height;
..\..\User\main.c:             ^
..\..\User\main.c: ..\..\User\main.c: 1 warning, 0 errors
compiling stm32f10x_it.c...
compiling iso.c...
compiling sys.c...
compiling delay.c...
compiling usart.c...
compiling led.c...
compiling key.c...
compiling ili9806e.c...
compiling ssd1963_driver.c...
..\..\HardWare\ssd1963_driver.c(252): warning:  #68-D: integer conversion resulted in a change of sign
..\..\HardWare\ssd1963_driver.c:       if(xpos>(HDP-7)||ypos>(VDP-15)) return -1;                   
..\..\HardWare\ssd1963_driver.c:                                              ^
..\..\HardWare\ssd1963_driver.c(286): warning:  #68-D: integer conversion resulted in a change of sign
..\..\HardWare\ssd1963_driver.c:           if(xpos>(HDP-7)||ypos>(VDP-15)) return -1;
..\..\HardWare\ssd1963_driver.c:                                                  ^
..\..\HardWare\ssd1963_driver.c(309): warning:  #186-D: pointless comparison of unsigned integer with zero
..\..\HardWare\ssd1963_driver.c:    if(dx>=0)
..\..\HardWare\ssd1963_driver.c:         ^
..\..\HardWare\ssd1963_driver.c(311): warning:  #186-D: pointless comparison of unsigned integer with zero
..\..\HardWare\ssd1963_driver.c:     if(dy >= 0) 
..\..\HardWare\ssd1963_driver.c:           ^
..\..\HardWare\ssd1963_driver.c(367): warning:  #186-D: pointless comparison of unsigned integer with zero
..\..\HardWare\ssd1963_driver.c:     if(dy >= 0) 
..\..\HardWare\ssd1963_driver.c:           ^
..\..\HardWare\ssd1963_driver.c(506): warning:  #186-D: pointless comparison of unsigned integer with zero
..\..\HardWare\ssd1963_driver.c:                if(di<0)
..\..\HardWare\ssd1963_driver.c:                     ^
..\..\HardWare\ssd1963_driver.c: ..\..\HardWare\ssd1963_driver.c: 6 warnings, 0 errors
linking...
Program Size: Code=4876 RO-data=336 RW-data=32 ZI-data=1224  
FromELF: creating hex file...
"..\..\Output\STM32_LCD.axf" - 0 Error(s), 7 Warning(s).
Build target 'TEST_LED'
assembling startup_stm32f10x_hd.s...
compiling core_cm3.c...
compiling system_stm32f10x.c...
compiling misc.c...
compiling stm32f10x_adc.c...
compiling stm32f10x_bkp.c...
compiling stm32f10x_can.c...
compiling stm32f10x_cec.c...
compiling stm32f10x_crc.c...
compiling stm32f10x_dac.c...
compiling stm32f10x_dbgmcu.c...
compiling stm32f10x_dma.c...
compiling stm32f10x_exti.c...
compiling stm32f10x_flash.c...
compiling stm32f10x_fsmc.c...
compiling stm32f10x_gpio.c...
compiling stm32f10x_i2c.c...
compiling stm32f10x_iwdg.c...
compiling stm32f10x_pwr.c...
compiling stm32f10x_rcc.c...
compiling stm32f10x_rtc.c...
compiling stm32f10x_sdio.c...
compiling stm32f10x_spi.c...
compiling stm32f10x_tim.c...
compiling stm32f10x_usart.c...
compiling stm32f10x_wwdg.c...
compiling main.c...
..\..\User\main.c(35): warning:  #177-D: variable "height" was declared but never referenced
..\..\User\main.c:         u16 height;
..\..\User\main.c:             ^
..\..\User\main.c: ..\..\User\main.c: 1 warning, 0 errors
compiling stm32f10x_it.c...
compiling iso.c...
compiling sys.c...
compiling delay.c...
compiling usart.c...
compiling led.c...
compiling key.c...
compiling ili9806e.c...
compiling ssd1963_driver.c...
..\..\HardWare\ssd1963_driver.c(309): warning:  #186-D: pointless comparison of unsigned integer with zero
..\..\HardWare\ssd1963_driver.c:    if(dx>=0)
..\..\HardWare\ssd1963_driver.c:         ^
..\..\HardWare\ssd1963_driver.c(311): warning:  #186-D: pointless comparison of unsigned integer with zero
..\..\HardWare\ssd1963_driver.c:     if(dy >= 0) 
..\..\HardWare\ssd1963_driver.c:           ^
..\..\HardWare\ssd1963_driver.c(367): warning:  #186-D: pointless comparison of unsigned integer with zero
..\..\HardWare\ssd1963_driver.c:     if(dy >= 0) 
..\..\HardWare\ssd1963_driver.c:           ^
..\..\HardWare\ssd1963_driver.c(506): warning:  #186-D: pointless comparison of unsigned integer with zero
..\..\HardWare\ssd1963_driver.c:                if(di<0)
..\..\HardWare\ssd1963_driver.c:                     ^
..\..\HardWare\ssd1963_driver.c: ..\..\HardWare\ssd1963_driver.c: 4 warnings, 0 errors
linking...
Program Size: Code=4876 RO-data=336 RW-data=32 ZI-data=1224  
FromELF: creating hex file...
"..\..\Output\STM32_LCD.axf" - 0 Error(s), 5 Warning(s).
Build target 'TEST_LED'
assembling startup_stm32f10x_hd.s...
compiling core_cm3.c...
compiling system_stm32f10x.c...
compiling misc.c...
compiling stm32f10x_adc.c...
compiling stm32f10x_bkp.c...
compiling stm32f10x_can.c...
compiling stm32f10x_cec.c...
compiling stm32f10x_crc.c...
compiling stm32f10x_dac.c...
compiling stm32f10x_dbgmcu.c...
compiling stm32f10x_dma.c...
compiling stm32f10x_exti.c...
compiling stm32f10x_flash.c...
compiling stm32f10x_fsmc.c...
compiling stm32f10x_gpio.c...
compiling stm32f10x_i2c.c...
compiling stm32f10x_iwdg.c...
compiling stm32f10x_pwr.c...
compiling stm32f10x_rcc.c...
compiling stm32f10x_rtc.c...
compiling stm32f10x_sdio.c...
compiling stm32f10x_spi.c...
compiling stm32f10x_tim.c...
compiling stm32f10x_usart.c...
compiling stm32f10x_wwdg.c...
compiling main.c...
compiling stm32f10x_it.c...
compiling iso.c...
compiling sys.c...
compiling delay.c...
compiling usart.c...
compiling led.c...
compiling key.c...
compiling ili9806e.c...
compiling ssd1963_driver.c...
linking...
Program Size: Code=4876 RO-data=336 RW-data=32 ZI-data=1224  
FromELF: creating hex file...
"..\..\Output\STM32_LCD.axf" - 0 Error(s), 0 Warning(s).
Build target 'TEST_LED'
assembling startup_stm32f10x_hd.s...
compiling core_cm3.c...
compiling system_stm32f10x.c...
compiling misc.c...
compiling stm32f10x_adc.c...
compiling stm32f10x_bkp.c...
compiling stm32f10x_can.c...
compiling stm32f10x_cec.c...
compiling stm32f10x_crc.c...
compiling stm32f10x_dac.c...
compiling stm32f10x_dbgmcu.c...
compiling stm32f10x_dma.c...
compiling stm32f10x_exti.c...
compiling stm32f10x_flash.c...
compiling stm32f10x_fsmc.c...
compiling stm32f10x_gpio.c...
compiling stm32f10x_i2c.c...
compiling stm32f10x_iwdg.c...
compiling stm32f10x_pwr.c...
compiling stm32f10x_rcc.c...
compiling stm32f10x_rtc.c...
compiling stm32f10x_sdio.c...
compiling stm32f10x_spi.c...
compiling stm32f10x_tim.c...
compiling stm32f10x_usart.c...
compiling stm32f10x_wwdg.c...
compiling main.c...
compiling stm32f10x_it.c...
compiling iso.c...
compiling sys.c...
compiling delay.c...
compiling usart.c...
compiling led.c...
compiling key.c...
compiling ili9806e.c...
compiling ssd1963_driver.c...
linking...
Program Size: Code=4876 RO-data=336 RW-data=32 ZI-data=1224  
FromELF: creating hex file...
"..\..\Output\STM32_LCD.axf" - 0 Error(s), 0 Warning(s).
Build target 'TEST_LED'
assembling startup_stm32f10x_hd.s...
compiling core_cm3.c...
compiling system_stm32f10x.c...
compiling misc.c...
compiling stm32f10x_adc.c...
compiling stm32f10x_bkp.c...
compiling stm32f10x_can.c...
compiling stm32f10x_cec.c...
compiling stm32f10x_crc.c...
compiling stm32f10x_dac.c...
compiling stm32f10x_dbgmcu.c...
compiling stm32f10x_dma.c...
compiling stm32f10x_exti.c...
compiling stm32f10x_flash.c...
compiling stm32f10x_fsmc.c...
compiling stm32f10x_gpio.c...
compiling stm32f10x_i2c.c...
compiling stm32f10x_iwdg.c...
compiling stm32f10x_pwr.c...
compiling stm32f10x_rcc.c...
compiling stm32f10x_rtc.c...
compiling stm32f10x_sdio.c...
compiling stm32f10x_spi.c...
compiling stm32f10x_tim.c...
compiling stm32f10x_usart.c...
compiling stm32f10x_wwdg.c...
compiling main.c...
compiling stm32f10x_it.c...
compiling iso.c...
compiling sys.c...
compiling delay.c...
compiling usart.c...
compiling led.c...
compiling key.c...
compiling ili9806e.c...
compiling ssd1963_driver.c...
linking...
..\..\Output\STM32_LCD.axf: Error: L6200E: Symbol ascii_1608_table multiply defined (by misc.o and system_stm32f10x.o).
..\..\Output\STM32_LCD.axf: Error: L6200E: Symbol ascii_1608_table multiply defined (by stm32f10x_adc.o and system_stm32f10x.o).
..\..\Output\STM32_LCD.axf: Error: L6200E: Symbol ascii_1608_table multiply defined (by stm32f10x_bkp.o and system_stm32f10x.o).
..\..\Output\STM32_LCD.axf: Error: L6200E: Symbol ascii_1608_table multiply defined (by stm32f10x_can.o and system_stm32f10x.o).
..\..\Output\STM32_LCD.axf: Error: L6200E: Symbol ascii_1608_table multiply defined (by stm32f10x_cec.o and system_stm32f10x.o).
..\..\Output\STM32_LCD.axf: Error: L6200E: Symbol ascii_1608_table multiply defined (by stm32f10x_crc.o and system_stm32f10x.o).
..\..\Output\STM32_LCD.axf: Error: L6200E: Symbol ascii_1608_table multiply defined (by stm32f10x_dac.o and system_stm32f10x.o).
..\..\Output\STM32_LCD.axf: Error: L6200E: Symbol ascii_1608_table multiply defined (by stm32f10x_dbgmcu.o and system_stm32f10x.o).
..\..\Output\STM32_LCD.axf: Error: L6200E: Symbol ascii_1608_table multiply defined (by stm32f10x_dma.o and system_stm32f10x.o).
..\..\Output\STM32_LCD.axf: Error: L6200E: Symbol ascii_1608_table multiply defined (by stm32f10x_exti.o and system_stm32f10x.o).
..\..\Output\STM32_LCD.axf: Error: L6200E: Symbol ascii_1608_table multiply defined (by stm32f10x_flash.o and system_stm32f10x.o).
..\..\Output\STM32_LCD.axf: Error: L6200E: Symbol ascii_1608_table multiply defined (by stm32f10x_fsmc.o and system_stm32f10x.o).
..\..\Output\STM32_LCD.axf: Error: L6200E: Symbol ascii_1608_table multiply defined (by stm32f10x_gpio.o and system_stm32f10x.o).
..\..\Output\STM32_LCD.axf: Error: L6200E: Symbol ascii_1608_table multiply defined (by stm32f10x_i2c.o and system_stm32f10x.o).
..\..\Output\STM32_LCD.axf: Error: L6200E: Symbol ascii_1608_table multiply defined (by stm32f10x_iwdg.o and system_stm32f10x.o).
..\..\Output\STM32_LCD.axf: Error: L6200E: Symbol ascii_1608_table multiply defined (by stm32f10x_pwr.o and system_stm32f10x.o).
..\..\Output\STM32_LCD.axf: Error: L6200E: Symbol ascii_1608_table multiply defined (by stm32f10x_rcc.o and system_stm32f10x.o).
..\..\Output\STM32_LCD.axf: Error: L6200E: Symbol ascii_1608_table multiply defined (by stm32f10x_rtc.o and system_stm32f10x.o).
..\..\Output\STM32_LCD.axf: Error: L6200E: Symbol ascii_1608_table multiply defined (by stm32f10x_sdio.o and system_stm32f10x.o).
..\..\Output\STM32_LCD.axf: Error: L6200E: Symbol ascii_1608_table multiply defined (by stm32f10x_spi.o and system_stm32f10x.o).
..\..\Output\STM32_LCD.axf: Error: L6200E: Symbol ascii_1608_table multiply defined (by stm32f10x_tim.o and system_stm32f10x.o).
..\..\Output\STM32_LCD.axf: Error: L6200E: Symbol ascii_1608_table multiply defined (by stm32f10x_usart.o and system_stm32f10x.o).
..\..\Output\STM32_LCD.axf: Error: L6200E: Symbol ascii_1608_table multiply defined (by stm32f10x_wwdg.o and system_stm32f10x.o).
..\..\Output\STM32_LCD.axf: Error: L6200E: Symbol ascii_1608_table multiply defined (by main.o and system_stm32f10x.o).
..\..\Output\STM32_LCD.axf: Error: L6200E: Symbol ascii_1608_table multiply defined (by stm32f10x_it.o and system_stm32f10x.o).
..\..\Output\STM32_LCD.axf: Error: L6200E: Symbol ascii_1608_table multiply defined (by sys.o and system_stm32f10x.o).
..\..\Output\STM32_LCD.axf: Error: L6200E: Symbol ascii_1608_table multiply defined (by delay.o and system_stm32f10x.o).
..\..\Output\STM32_LCD.axf: Error: L6200E: Symbol ascii_1608_table multiply defined (by usart.o and system_stm32f10x.o).
..\..\Output\STM32_LCD.axf: Error: L6200E: Symbol ascii_1608_table multiply defined (by led.o and system_stm32f10x.o).
..\..\Output\STM32_LCD.axf: Error: L6200E: Symbol ascii_1608_table multiply defined (by key.o and system_stm32f10x.o).
..\..\Output\STM32_LCD.axf: Error: L6200E: Symbol ascii_1608_table multiply defined (by ili9806e.o and system_stm32f10x.o).
..\..\Output\STM32_LCD.axf: Error: L6200E: Symbol ascii_1608_table multiply defined (by ssd1963_driver.o and system_stm32f10x.o).
..\..\Output\STM32_LCD.axf: Not enough information to list image symbols.
..\..\Output\STM32_LCD.axf: Not enough information to list the image map.
..\..\Output\STM32_LCD.axf: Finished: 2 information, 0 warning and 32 error messages.
Target not created
Build target 'TEST_LED'
assembling startup_stm32f10x_hd.s...
compiling core_cm3.c...
compiling system_stm32f10x.c...
compiling misc.c...
compiling stm32f10x_adc.c...
compiling stm32f10x_bkp.c...
compiling stm32f10x_can.c...
compiling stm32f10x_cec.c...
compiling stm32f10x_crc.c...
compiling stm32f10x_dac.c...
compiling stm32f10x_dbgmcu.c...
compiling stm32f10x_dma.c...
compiling stm32f10x_exti.c...
compiling stm32f10x_flash.c...
compiling stm32f10x_fsmc.c...
compiling stm32f10x_gpio.c...
compiling stm32f10x_i2c.c...
compiling stm32f10x_iwdg.c...
compiling stm32f10x_pwr.c...
compiling stm32f10x_rcc.c...
compiling stm32f10x_rtc.c...
compiling stm32f10x_sdio.c...
compiling stm32f10x_spi.c...
compiling stm32f10x_tim.c...
compiling stm32f10x_usart.c...
compiling stm32f10x_wwdg.c...
compiling main.c...
compiling stm32f10x_it.c...
compiling iso.c...
compiling sys.c...
compiling delay.c...
compiling usart.c...
compiling led.c...
compiling key.c...
compiling ili9806e.c...
compiling ssd1963_driver.c...
linking...
..\..\Output\STM32_LCD.axf: Error: L6200E: Symbol ascii_1608_table multiply defined (by misc.o and system_stm32f10x.o).
..\..\Output\STM32_LCD.axf: Error: L6200E: Symbol ascii_1608_table multiply defined (by stm32f10x_adc.o and system_stm32f10x.o).
..\..\Output\STM32_LCD.axf: Error: L6200E: Symbol ascii_1608_table multiply defined (by stm32f10x_bkp.o and system_stm32f10x.o).
..\..\Output\STM32_LCD.axf: Error: L6200E: Symbol ascii_1608_table multiply defined (by stm32f10x_can.o and system_stm32f10x.o).
..\..\Output\STM32_LCD.axf: Error: L6200E: Symbol ascii_1608_table multiply defined (by stm32f10x_cec.o and system_stm32f10x.o).
..\..\Output\STM32_LCD.axf: Error: L6200E: Symbol ascii_1608_table multiply defined (by stm32f10x_crc.o and system_stm32f10x.o).
..\..\Output\STM32_LCD.axf: Error: L6200E: Symbol ascii_1608_table multiply defined (by stm32f10x_dac.o and system_stm32f10x.o).
..\..\Output\STM32_LCD.axf: Error: L6200E: Symbol ascii_1608_table multiply defined (by stm32f10x_dbgmcu.o and system_stm32f10x.o).
..\..\Output\STM32_LCD.axf: Error: L6200E: Symbol ascii_1608_table multiply defined (by stm32f10x_dma.o and system_stm32f10x.o).
..\..\Output\STM32_LCD.axf: Error: L6200E: Symbol ascii_1608_table multiply defined (by stm32f10x_exti.o and system_stm32f10x.o).
..\..\Output\STM32_LCD.axf: Error: L6200E: Symbol ascii_1608_table multiply defined (by stm32f10x_flash.o and system_stm32f10x.o).
..\..\Output\STM32_LCD.axf: Error: L6200E: Symbol ascii_1608_table multiply defined (by stm32f10x_fsmc.o and system_stm32f10x.o).
..\..\Output\STM32_LCD.axf: Error: L6200E: Symbol ascii_1608_table multiply defined (by stm32f10x_gpio.o and system_stm32f10x.o).
..\..\Output\STM32_LCD.axf: Error: L6200E: Symbol ascii_1608_table multiply defined (by stm32f10x_i2c.o and system_stm32f10x.o).
..\..\Output\STM32_LCD.axf: Error: L6200E: Symbol ascii_1608_table multiply defined (by stm32f10x_iwdg.o and system_stm32f10x.o).
..\..\Output\STM32_LCD.axf: Error: L6200E: Symbol ascii_1608_table multiply defined (by stm32f10x_pwr.o and system_stm32f10x.o).
..\..\Output\STM32_LCD.axf: Error: L6200E: Symbol ascii_1608_table multiply defined (by stm32f10x_rcc.o and system_stm32f10x.o).
..\..\Output\STM32_LCD.axf: Error: L6200E: Symbol ascii_1608_table multiply defined (by stm32f10x_rtc.o and system_stm32f10x.o).
..\..\Output\STM32_LCD.axf: Error: L6200E: Symbol ascii_1608_table multiply defined (by stm32f10x_sdio.o and system_stm32f10x.o).
..\..\Output\STM32_LCD.axf: Error: L6200E: Symbol ascii_1608_table multiply defined (by stm32f10x_spi.o and system_stm32f10x.o).
..\..\Output\STM32_LCD.axf: Error: L6200E: Symbol ascii_1608_table multiply defined (by stm32f10x_tim.o and system_stm32f10x.o).
..\..\Output\STM32_LCD.axf: Error: L6200E: Symbol ascii_1608_table multiply defined (by stm32f10x_usart.o and system_stm32f10x.o).
..\..\Output\STM32_LCD.axf: Error: L6200E: Symbol ascii_1608_table multiply defined (by stm32f10x_wwdg.o and system_stm32f10x.o).
..\..\Output\STM32_LCD.axf: Error: L6200E: Symbol ascii_1608_table multiply defined (by main.o and system_stm32f10x.o).
..\..\Output\STM32_LCD.axf: Error: L6200E: Symbol ascii_1608_table multiply defined (by stm32f10x_it.o and system_stm32f10x.o).
..\..\Output\STM32_LCD.axf: Error: L6200E: Symbol ascii_1608_table multiply defined (by sys.o and system_stm32f10x.o).
..\..\Output\STM32_LCD.axf: Error: L6200E: Symbol ascii_1608_table multiply defined (by delay.o and system_stm32f10x.o).
..\..\Output\STM32_LCD.axf: Error: L6200E: Symbol ascii_1608_table multiply defined (by usart.o and system_stm32f10x.o).
..\..\Output\STM32_LCD.axf: Error: L6200E: Symbol ascii_1608_table multiply defined (by led.o and system_stm32f10x.o).
..\..\Output\STM32_LCD.axf: Error: L6200E: Symbol ascii_1608_table multiply defined (by key.o and system_stm32f10x.o).
..\..\Output\STM32_LCD.axf: Error: L6200E: Symbol ascii_1608_table multiply defined (by ili9806e.o and system_stm32f10x.o).
..\..\Output\STM32_LCD.axf: Error: L6200E: Symbol ascii_1608_table multiply defined (by ssd1963_driver.o and system_stm32f10x.o).
..\..\Output\STM32_LCD.axf: Not enough information to list image symbols.
..\..\Output\STM32_LCD.axf: Not enough information to list the image map.
..\..\Output\STM32_LCD.axf: Finished: 2 information, 0 warning and 32 error messages.
Target not created
Build target 'TEST_LED'
assembling startup_stm32f10x_hd.s...
compiling core_cm3.c...
compiling system_stm32f10x.c...
compiling misc.c...
compiling stm32f10x_adc.c...
compiling stm32f10x_bkp.c...
compiling stm32f10x_can.c...
compiling stm32f10x_cec.c...
compiling stm32f10x_crc.c...
compiling stm32f10x_dac.c...
compiling stm32f10x_dbgmcu.c...
compiling stm32f10x_dma.c...
compiling stm32f10x_exti.c...
compiling stm32f10x_flash.c...
compiling stm32f10x_fsmc.c...
compiling stm32f10x_gpio.c...
compiling stm32f10x_i2c.c...
compiling stm32f10x_iwdg.c...
compiling stm32f10x_pwr.c...
compiling stm32f10x_rcc.c...
compiling stm32f10x_rtc.c...
compiling stm32f10x_sdio.c...
compiling stm32f10x_spi.c...
compiling stm32f10x_tim.c...
compiling stm32f10x_usart.c...
compiling stm32f10x_wwdg.c...
compiling main.c...
compiling stm32f10x_it.c...
compiling iso.c...
compiling sys.c...
compiling delay.c...
compiling usart.c...
compiling led.c...
compiling key.c...
compiling ili9806e.c...
compiling ssd1963_driver.c...
linking...
..\..\Output\STM32_LCD.axf: Error: L6200E: Symbol ascii_1608_table multiply defined (by misc.o and system_stm32f10x.o).
..\..\Output\STM32_LCD.axf: Error: L6200E: Symbol ascii_1608_table multiply defined (by stm32f10x_adc.o and system_stm32f10x.o).
..\..\Output\STM32_LCD.axf: Error: L6200E: Symbol ascii_1608_table multiply defined (by stm32f10x_bkp.o and system_stm32f10x.o).
..\..\Output\STM32_LCD.axf: Error: L6200E: Symbol ascii_1608_table multiply defined (by stm32f10x_can.o and system_stm32f10x.o).
..\..\Output\STM32_LCD.axf: Error: L6200E: Symbol ascii_1608_table multiply defined (by stm32f10x_cec.o and system_stm32f10x.o).
..\..\Output\STM32_LCD.axf: Error: L6200E: Symbol ascii_1608_table multiply defined (by stm32f10x_crc.o and system_stm32f10x.o).
..\..\Output\STM32_LCD.axf: Error: L6200E: Symbol ascii_1608_table multiply defined (by stm32f10x_dac.o and system_stm32f10x.o).
..\..\Output\STM32_LCD.axf: Error: L6200E: Symbol ascii_1608_table multiply defined (by stm32f10x_dbgmcu.o and system_stm32f10x.o).
..\..\Output\STM32_LCD.axf: Error: L6200E: Symbol ascii_1608_table multiply defined (by stm32f10x_dma.o and system_stm32f10x.o).
..\..\Output\STM32_LCD.axf: Error: L6200E: Symbol ascii_1608_table multiply defined (by stm32f10x_exti.o and system_stm32f10x.o).
..\..\Output\STM32_LCD.axf: Error: L6200E: Symbol ascii_1608_table multiply defined (by stm32f10x_flash.o and system_stm32f10x.o).
..\..\Output\STM32_LCD.axf: Error: L6200E: Symbol ascii_1608_table multiply defined (by stm32f10x_fsmc.o and system_stm32f10x.o).
..\..\Output\STM32_LCD.axf: Error: L6200E: Symbol ascii_1608_table multiply defined (by stm32f10x_gpio.o and system_stm32f10x.o).
..\..\Output\STM32_LCD.axf: Error: L6200E: Symbol ascii_1608_table multiply defined (by stm32f10x_i2c.o and system_stm32f10x.o).
..\..\Output\STM32_LCD.axf: Error: L6200E: Symbol ascii_1608_table multiply defined (by stm32f10x_iwdg.o and system_stm32f10x.o).
..\..\Output\STM32_LCD.axf: Error: L6200E: Symbol ascii_1608_table multiply defined (by stm32f10x_pwr.o and system_stm32f10x.o).
..\..\Output\STM32_LCD.axf: Error: L6200E: Symbol ascii_1608_table multiply defined (by stm32f10x_rcc.o and system_stm32f10x.o).
..\..\Output\STM32_LCD.axf: Error: L6200E: Symbol ascii_1608_table multiply defined (by stm32f10x_rtc.o and system_stm32f10x.o).
..\..\Output\STM32_LCD.axf: Error: L6200E: Symbol ascii_1608_table multiply defined (by stm32f10x_sdio.o and system_stm32f10x.o).
..\..\Output\STM32_LCD.axf: Error: L6200E: Symbol ascii_1608_table multiply defined (by stm32f10x_spi.o and system_stm32f10x.o).
..\..\Output\STM32_LCD.axf: Error: L6200E: Symbol ascii_1608_table multiply defined (by stm32f10x_tim.o and system_stm32f10x.o).
..\..\Output\STM32_LCD.axf: Error: L6200E: Symbol ascii_1608_table multiply defined (by stm32f10x_usart.o and system_stm32f10x.o).
..\..\Output\STM32_LCD.axf: Error: L6200E: Symbol ascii_1608_table multiply defined (by stm32f10x_wwdg.o and system_stm32f10x.o).
..\..\Output\STM32_LCD.axf: Error: L6200E: Symbol ascii_1608_table multiply defined (by main.o and system_stm32f10x.o).
..\..\Output\STM32_LCD.axf: Error: L6200E: Symbol ascii_1608_table multiply defined (by stm32f10x_it.o and system_stm32f10x.o).
..\..\Output\STM32_LCD.axf: Error: L6200E: Symbol ascii_1608_table multiply defined (by sys.o and system_stm32f10x.o).
..\..\Output\STM32_LCD.axf: Error: L6200E: Symbol ascii_1608_table multiply defined (by delay.o and system_stm32f10x.o).
..\..\Output\STM32_LCD.axf: Error: L6200E: Symbol ascii_1608_table multiply defined (by usart.o and system_stm32f10x.o).
..\..\Output\STM32_LCD.axf: Error: L6200E: Symbol ascii_1608_table multiply defined (by led.o and system_stm32f10x.o).
..\..\Output\STM32_LCD.axf: Error: L6200E: Symbol ascii_1608_table multiply defined (by key.o and system_stm32f10x.o).
..\..\Output\STM32_LCD.axf: Error: L6200E: Symbol ascii_1608_table multiply defined (by ili9806e.o and system_stm32f10x.o).
..\..\Output\STM32_LCD.axf: Error: L6200E: Symbol ascii_1608_table multiply defined (by ssd1963_driver.o and system_stm32f10x.o).
..\..\Output\STM32_LCD.axf: Not enough information to list image symbols.
..\..\Output\STM32_LCD.axf: Not enough information to list the image map.
..\..\Output\STM32_LCD.axf: Finished: 2 information, 0 warning and 32 error messages.
Target not created
